<?xml version="1.0" encoding="ASCII"?>
<smooks-resource-list xmlns="http://www.milyn.org/xsd/smooks-1.1.xsd" xmlns:jb="http://www.milyn.org/xsd/smooks/javabean-1.2.xsd">
  <params>
    <param name="stream.filter.type">SAX</param>
    <param name="inputType">input.java</param>
    <param name="input.java" type="input.type.actived">com.topfinance.ebo.msg.Hvps11100101A10002101</param>
  </params>
  	<jb:bean beanId="fiToFICstmrCdtTrf.cdtTrfTxInf[0].xxx.pmtTpInf.ctgyPurp" class="com.cnaps2.xml.iso20022.pacs.v00800102.CategoryPurpose1Choice" createOnElement="com.topfinance.ebo.msg.Hvps11100101A10002101">
  		<jb:value data="/com.topfinance.ebo.msg.Hvps11100101A10002101/bizTpCd"  property="prtry"/>
  	</jb:bean>
  	<jb:bean beanId="target" class="com.cnaps2.xml.iso20022.pacs.v00800102.Document" createOnElement="com.topfinance.ebo.msg.Hvps11100101A10002101">
    	<jb:wiring beanIdRef="fiToFICstmrCdtTrf" property="fiToFICstmrCdtTrf"/>
  	</jb:bean>
  	<jb:bean beanId="fiToFICstmrCdtTrf.cdtTrfTxInf[0].xxx.dbtrAgt.finInstnId" class="com.cnaps2.xml.iso20022.pacs.v00800102.FinancialInstitutionIdentification7" createOnElement="com.topfinance.ebo.msg.Hvps11100101A10002101">
    	<jb:wiring beanIdRef="fiToFICstmrCdtTrf.cdtTrfTxInf[0].xxx.dbtrAgt.finInstnId.clrSysMmbId" property="clrSysMmbId"/>
  	</jb:bean>
  	<jb:bean beanId="fiToFICstmrCdtTrf.cdtTrfTxInf[0].xxx.pmtId" class="com.cnaps2.xml.iso20022.pacs.v00800102.PaymentIdentification3" createOnElement="com.topfinance.ebo.msg.Hvps11100101A10002101">
  		<jb:value data="/com.topfinance.ebo.msg.Hvps11100101A10002101/endToEndId"  property="endToEndId"/>
  		<jb:value data="/com.topfinance.ebo.msg.Hvps11100101A10002101/txId"  property="txId"/>
  	</jb:bean>
  	<jb:bean beanId="fiToFICstmrCdtTrf.cdtTrfTxInf[0].xxx.dbtr" class="com.cnaps2.xml.iso20022.pacs.v00800102.PartyIdentification32" createOnElement="com.topfinance.ebo.msg.Hvps11100101A10002101">
  		<jb:value data="/com.topfinance.ebo.msg.Hvps11100101A10002101/dbtrNm"  property="nm"/>
  	</jb:bean>
  	<jb:bean beanId="fiToFICstmrCdtTrf.cdtTrfTxInf[0].xxx.cdtrAcct" class="com.cnaps2.xml.iso20022.pacs.v00800102.CashAccount16" createOnElement="com.topfinance.ebo.msg.Hvps11100101A10002101">
    	<jb:wiring beanIdRef="fiToFICstmrCdtTrf.cdtTrfTxInf[0].xxx.cdtrAcct.id" property="id"/>
  	</jb:bean>
  	<jb:bean beanId="fiToFICstmrCdtTrf.cdtTrfTxInf[0].xxx.cdtrAgt" class="com.cnaps2.xml.iso20022.pacs.v00800102.BranchAndFinancialInstitutionIdentification4" createOnElement="com.topfinance.ebo.msg.Hvps11100101A10002101">
    	<jb:wiring beanIdRef="fiToFICstmrCdtTrf.cdtTrfTxInf[0].xxx.cdtrAgt.brnchId" property="brnchId"/>
  	</jb:bean>
  	<jb:bean beanId="fiToFICstmrCdtTrf.cdtTrfTxInf[0].xxx.purp" class="com.cnaps2.xml.iso20022.pacs.v00800102.Purpose2Choice" createOnElement="com.topfinance.ebo.msg.Hvps11100101A10002101">
  		<jb:value data="/com.topfinance.ebo.msg.Hvps11100101A10002101/bizTcCd"  property="prtry"/>
  	</jb:bean>
  	<jb:bean beanId="fiToFICstmrCdtTrf.cdtTrfTxInf[0].xxx.dbtrAcct.id.othr" class="com.cnaps2.xml.iso20022.pacs.v00800102.GenericAccountIdentification1" createOnElement="com.topfinance.ebo.msg.Hvps11100101A10002101">
  		<jb:value data="/com.topfinance.ebo.msg.Hvps11100101A10002101/dbtrAcctId"  property="id"/>
  		<jb:value data="/com.topfinance.ebo.msg.Hvps11100101A10002101/dbtrAcctIssr"  property="issr"/>
  	</jb:bean>
  	<jb:bean beanId="fiToFICstmrCdtTrf" class="com.cnaps2.xml.iso20022.pacs.v00800102.FIToFICustomerCreditTransferV02" createOnElement="com.topfinance.ebo.msg.Hvps11100101A10002101">
    	<jb:wiring beanIdRef="fiToFICstmrCdtTrf.cdtTrfTxInf[0]" property="cdtTrfTxInf"/>
    	<jb:wiring beanIdRef="fiToFICstmrCdtTrf.grpHdr" property="grpHdr"/>
  	</jb:bean>
  	<jb:bean beanId="fiToFICstmrCdtTrf.cdtTrfTxInf[0].xxx.cdtrAcct.id.othr" class="com.cnaps2.xml.iso20022.pacs.v00800102.GenericAccountIdentification1" createOnElement="com.topfinance.ebo.msg.Hvps11100101A10002101">
  		<jb:value data="/com.topfinance.ebo.msg.Hvps11100101A10002101/cdtrAcctId"  property="id"/>
  	</jb:bean>
  	<jb:bean beanId="fiToFICstmrCdtTrf.cdtTrfTxInf[0].xxx.dbtrAgt.finInstnId.clrSysMmbId" class="com.cnaps2.xml.iso20022.pacs.v00800102.ClearingSystemMemberIdentification2" createOnElement="com.topfinance.ebo.msg.Hvps11100101A10002101">
  		<jb:value data="/com.topfinance.ebo.msg.Hvps11100101A10002101/cdtrClrSysMmbId"  property="mmbId"/>
  		<jb:value data="/com.topfinance.ebo.msg.Hvps11100101A10002101/dbtrClrSysMmbId"  property="mmbId"/>
  	</jb:bean>
  	<jb:bean beanId="fiToFICstmrCdtTrf.cdtTrfTxInf[0].xxx.cdtrAgt.brnchId" class="com.cnaps2.xml.iso20022.pacs.v00800102.BranchData2" createOnElement="com.topfinance.ebo.msg.Hvps11100101A10002101">
  		<jb:value data="/com.topfinance.ebo.msg.Hvps11100101A10002101/cdtrAgtBrnchId"  property="id"/>
  	</jb:bean>
  	<jb:bean beanId="fiToFICstmrCdtTrf.cdtTrfTxInf[0].xxx.dbtrAgt" class="com.cnaps2.xml.iso20022.pacs.v00800102.BranchAndFinancialInstitutionIdentification4" createOnElement="com.topfinance.ebo.msg.Hvps11100101A10002101">
    	<jb:wiring beanIdRef="fiToFICstmrCdtTrf.cdtTrfTxInf[0].xxx.dbtrAgt.brnchId" property="brnchId"/>
    	<jb:wiring beanIdRef="fiToFICstmrCdtTrf.cdtTrfTxInf[0].xxx.dbtrAgt.finInstnId" property="finInstnId"/>
  	</jb:bean>
  	<jb:bean beanId="fiToFICstmrCdtTrf.grpHdr" class="com.cnaps2.xml.iso20022.pacs.v00800102.GroupHeader33" createOnElement="com.topfinance.ebo.msg.Hvps11100101A10002101">
    	<jb:wiring beanIdRef="fiToFICstmrCdtTrf.grpHdr.sttlmInf" property="sttlmInf"/>
  		<jb:value data="/com.topfinance.ebo.msg.Hvps11100101A10002101/nbOfTxs"  property="nbOfTxs"/>
  		<jb:value data="/com.topfinance.ebo.msg.Hvps11100101A10002101/msgId"  property="msgId"/>
  		<jb:value data="/com.topfinance.ebo.msg.Hvps11100101A10002101/creDtTm" decoder="Date" property="creDtTm">
    		<jb:decodeParam name="format">yyyy-MM-dd HH:mm:ss.S z</jb:decodeParam>
			</jb:value>
  	</jb:bean>
  	<jb:bean beanId="fiToFICstmrCdtTrf.cdtTrfTxInf[0].xxx.dbtrAgt.brnchId" class="com.cnaps2.xml.iso20022.pacs.v00800102.BranchData2" createOnElement="com.topfinance.ebo.msg.Hvps11100101A10002101">
  		<jb:value data="/com.topfinance.ebo.msg.Hvps11100101A10002101/dbtrAgtBrnchId"  property="id"/>
  	</jb:bean>
  	<jb:bean beanId="fiToFICstmrCdtTrf.cdtTrfTxInf[0].xxx.cdtrAcct.id" class="com.cnaps2.xml.iso20022.pacs.v00800102.AccountIdentification4Choice" createOnElement="com.topfinance.ebo.msg.Hvps11100101A10002101">
    	<jb:wiring beanIdRef="fiToFICstmrCdtTrf.cdtTrfTxInf[0].xxx.cdtrAcct.id.othr" property="othr"/>
  	</jb:bean>
  	<jb:bean beanId="fiToFICstmrCdtTrf.cdtTrfTxInf[0].xxx.pmtTpInf" class="com.cnaps2.xml.iso20022.pacs.v00800102.PaymentTypeInformation21" createOnElement="com.topfinance.ebo.msg.Hvps11100101A10002101">
    	<jb:wiring beanIdRef="fiToFICstmrCdtTrf.cdtTrfTxInf[0].xxx.pmtTpInf.ctgyPurp" property="ctgyPurp"/>
  	</jb:bean>
  	<jb:bean beanId="fiToFICstmrCdtTrf.cdtTrfTxInf[0]" class="java.util.ArrayList" createOnElement="com.topfinance.ebo.msg.Hvps11100101A10002101">
    	<jb:wiring beanIdRef="fiToFICstmrCdtTrf.cdtTrfTxInf[0].xxx" />
  	</jb:bean>
  	<jb:bean beanId="fiToFICstmrCdtTrf.cdtTrfTxInf[0].xxx" class="com.cnaps2.xml.iso20022.pacs.v00800102.CreditTransferTransactionInformation11" createOnElement="com.topfinance.ebo.msg.Hvps11100101A10002101">
    	<jb:wiring beanIdRef="fiToFICstmrCdtTrf.cdtTrfTxInf[0].xxx.dbtrAcct" property="dbtrAcct"/>
    	<jb:wiring beanIdRef="fiToFICstmrCdtTrf.cdtTrfTxInf[0].xxx.cdtrAcct" property="cdtrAcct"/>
    	<jb:wiring beanIdRef="fiToFICstmrCdtTrf.cdtTrfTxInf[0].xxx.dbtrAgt" property="dbtrAgt"/>
    	<jb:wiring beanIdRef="fiToFICstmrCdtTrf.cdtTrfTxInf[0].xxx.pmtId" property="pmtId"/>
    	<jb:wiring beanIdRef="fiToFICstmrCdtTrf.cdtTrfTxInf[0].xxx.purp" property="purp"/>
    	<jb:wiring beanIdRef="fiToFICstmrCdtTrf.cdtTrfTxInf[0].xxx.pmtTpInf" property="pmtTpInf"/>
    	<jb:wiring beanIdRef="fiToFICstmrCdtTrf.cdtTrfTxInf[0].xxx.dbtr" property="dbtr"/>
    	<jb:wiring beanIdRef="fiToFICstmrCdtTrf.cdtTrfTxInf[0].xxx.cdtrAgt" property="cdtrAgt"/>
    	<jb:wiring beanIdRef="fiToFICstmrCdtTrf.cdtTrfTxInf[0].xxx.cdtr" property="cdtr"/>
  		<jb:value data="/com.topfinance.ebo.msg.Hvps11100101A10002101/sttlmPrty"  property="sttlmPrty"/>
  		<jb:value data="/com.topfinance.ebo.msg.Hvps11100101A10002101/chrgBr"  property="chrgBr"/>
  	</jb:bean>
  	<jb:bean beanId="fiToFICstmrCdtTrf.cdtTrfTxInf[0].xxx.dbtrAcct.id" class="com.cnaps2.xml.iso20022.pacs.v00800102.AccountIdentification4Choice" createOnElement="com.topfinance.ebo.msg.Hvps11100101A10002101">
    	<jb:wiring beanIdRef="fiToFICstmrCdtTrf.cdtTrfTxInf[0].xxx.dbtrAcct.id.othr" property="othr"/>
  	</jb:bean>
  	<jb:bean beanId="fiToFICstmrCdtTrf.grpHdr.sttlmInf" class="com.cnaps2.xml.iso20022.pacs.v00800102.SettlementInformation13" createOnElement="com.topfinance.ebo.msg.Hvps11100101A10002101">
  		<jb:value data="/com.topfinance.ebo.msg.Hvps11100101A10002101/settlementMethod"  property="sttlmMtd"/>
  	</jb:bean>
  	<jb:bean beanId="fiToFICstmrCdtTrf.cdtTrfTxInf[0].xxx.dbtrAcct" class="com.cnaps2.xml.iso20022.pacs.v00800102.CashAccount16" createOnElement="com.topfinance.ebo.msg.Hvps11100101A10002101">
    	<jb:wiring beanIdRef="fiToFICstmrCdtTrf.cdtTrfTxInf[0].xxx.dbtrAcct.id" property="id"/>
  	</jb:bean>
  	<jb:bean beanId="fiToFICstmrCdtTrf.cdtTrfTxInf[0].xxx.cdtr" class="com.cnaps2.xml.iso20022.pacs.v00800102.PartyIdentification32" createOnElement="com.topfinance.ebo.msg.Hvps11100101A10002101">
  		<jb:value data="/com.topfinance.ebo.msg.Hvps11100101A10002101/cdtrNm"  property="nm"/>
  	</jb:bean>
</smooks-resource-list>  
    
