<?xml version="1.0" encoding="ASCII"?>
<smooks-resource-list xmlns="http://www.milyn.org/xsd/smooks-1.1.xsd" xmlns:jb="http://www.milyn.org/xsd/smooks/javabean-1.2.xsd">
  <params>
    <param name="stream.filter.type">SAX</param>
    <param name="inputType">input.java</param>
    <param name="input.java" type="input.type.actived">com.topfinance.ebo.msg.Beps12200101</param>
  </params>
  	<jb:bean beanId="finCdtTrf.finCdtTrfInf[0].xxx.cdtr.pstlAdr" class="com.xml.cnaps2.beps.v12200101.PostalAddress1" createOnElement="com.topfinance.ebo.msg.Beps12200101FinCdtTrfInf">
  				<jb:value data="radrLine"  property="adrLine"/>
  	</jb:bean>
  	<jb:bean beanId="finCdtTrf.finCdtTrfInf[0].xxx.dbtrAcct.id" class="com.xml.cnaps2.beps.v12200101.Identification1" createOnElement="com.topfinance.ebo.msg.Beps12200101FinCdtTrfInf">
    	<jb:wiring beanIdRef="finCdtTrf.finCdtTrfInf[0].xxx.dbtrAcct.id.othr" property="othr"/>
  	</jb:bean>
  	<jb:bean beanId="finCdtTrf.finCdtTrfInf[0].xxx.purp" class="com.xml.cnaps2.beps.v12200101.Purpose1" createOnElement="com.topfinance.ebo.msg.Beps12200101FinCdtTrfInf">
  				<jb:value data="tcCdPrtry"  property="prtry"/>
  	</jb:bean>
  	<jb:bean beanId="finCdtTrf.finCdtTrfInf[0].xxx.cdtrAcct.id" class="com.xml.cnaps2.beps.v12200101.Identification1" createOnElement="com.topfinance.ebo.msg.Beps12200101FinCdtTrfInf">
    	<jb:wiring beanIdRef="finCdtTrf.finCdtTrfInf[0].xxx.cdtrAcct.id.othr" property="othr"/>
  	</jb:bean>
  	<jb:bean beanId="finCdtTrf.finCdtTrfInf[0].xxx.dbtr" class="com.xml.cnaps2.beps.v12200101.Debtor1" createOnElement="com.topfinance.ebo.msg.Beps12200101FinCdtTrfInf">
    	<jb:wiring beanIdRef="finCdtTrf.finCdtTrfInf[0].xxx.dbtr.pstlAdr" property="pstlAdr"/>
  				<jb:value data="dbtrNm"  property="nm"/>
  	</jb:bean>
  	<jb:bean beanId="finCdtTrf.finCdtTrfInf[0].xxx.cdtrAgt" class="com.xml.cnaps2.beps.v12200101.CreditorAgent1" createOnElement="com.topfinance.ebo.msg.Beps12200101FinCdtTrfInf">
    	<jb:wiring beanIdRef="finCdtTrf.finCdtTrfInf[0].xxx.cdtrAgt.brnchId" property="brnchId"/>
  	</jb:bean>
  	<jb:bean beanId="finCdtTrf.finCdtTrfInf[0].xxx.finCdtTrfAddtlInf" class="com.xml.cnaps2.beps.v12200101.FinancialCreditTransferAdditionalInformation1" createOnElement="com.topfinance.ebo.msg.Beps12200101FinCdtTrfInf">
    	<jb:wiring beanIdRef="finCdtTrf.finCdtTrfInf[0].xxx.finCdtTrfAddtlInf.ntlTrsrCdtInf" property="ntlTrsrCdtInf"/>
    	<jb:wiring beanIdRef="finCdtTrf.finCdtTrfInf[0].xxx.finCdtTrfAddtlInf.ntlTrsrInf" property="ntlTrsrInf"/>
  				<jb:value data="ntlTrsrCdtInf"  property="ntlTrsrCdtInf"/>
  				<jb:value data="ntlTrsrInf"  property="ntlTrsrInf"/>
  	</jb:bean>
  	<jb:bean beanId="finCdtTrf.finCdtTrfInf[0].xxx.amt" class="com.xml.cnaps2.beps.v12200101.ActiveCurrencyAndAmount" createOnElement="com.topfinance.ebo.msg.Beps12200101FinCdtTrfInf">
  				<jb:value data="intrBkSttlmAmt" decoder="BigDecimal" property="value"/>
  	</jb:bean>
  	<jb:bean beanId="finCdtTrf.finCdtTrfInf[0].xxx.cdtr" class="com.xml.cnaps2.beps.v12200101.Creditor1" createOnElement="com.topfinance.ebo.msg.Beps12200101FinCdtTrfInf">
    	<jb:wiring beanIdRef="finCdtTrf.finCdtTrfInf[0].xxx.cdtr.pstlAdr" property="pstlAdr"/>
  				<jb:value data="cdtrNm"  property="nm"/>
  	</jb:bean>
  	<jb:bean beanId="finCdtTrf.finCdtTrfInf[0].xxx.pmtTpInf" class="com.xml.cnaps2.beps.v12200101.PaymentTypeInformation1" createOnElement="com.topfinance.ebo.msg.Beps12200101FinCdtTrfInf">
    	<jb:wiring beanIdRef="finCdtTrf.finCdtTrfInf[0].xxx.pmtTpInf.ctgyPurp" property="ctgyPurp"/>
  	</jb:bean>
  	<jb:bean beanId="finCdtTrf.finCdtTrfInf[0]" class="java.util.ArrayList" createOnElement="com.topfinance.ebo.msg.Beps12200101/finCdtTrfInf">
    	<jb:wiring beanIdRef="finCdtTrf.finCdtTrfInf[0].xxx" />
  	</jb:bean>
  	<jb:bean beanId="finCdtTrf.finCdtTrfInf[0].xxx.cdtrAcct.id.othr" class="com.xml.cnaps2.beps.v12200101.Other1" createOnElement="com.topfinance.ebo.msg.Beps12200101FinCdtTrfInf">
  				<jb:value data="cdtrAcctId"  property="id"/>
  				<jb:value data="cdtrAcctIssr"  property="issr"/>
  	</jb:bean>
  	<jb:bean beanId="finCdtTrf.finCdtTrfInf[0].xxx.finCdtTrfAddtlInf.ntlTrsrInf.fslInf" class="com.xml.cnaps2.beps.v12200101.FiscalInformation1" createOnElement="com.topfinance.ebo.msg.Beps12200101FinCdtTrfInf">
    	<jb:wiring beanIdRef="finCdtTrf.finCdtTrfInf[0].xxx.finCdtTrfAddtlInf.ntlTrsrInf.fslInf.amt" property="amt"/>
  				<jb:value data="fisFlowNb"  property="flowNb"/>
  				<jb:value data="fisRptCd"  property="rptCd"/>
  				<jb:value data="fisRcvCd"  property="rcvCd"/>
  				<jb:value data="fisRptFrms" decoder="Date" property="rptFrms">
    				<jb:decodeParam name="format">yyyy-MM-dd HH:mm:ss.S z</jb:decodeParam>
					</jb:value>
  				<jb:value data="fisRptNb"  property="rptNb"/>
  	</jb:bean>
  	<jb:bean beanId="finCdtTrf.finCdtTrfInf[0].xxx.finCdtTrfAddtlInf.ntlTrsrCdtInf.fslInf.amt" class="com.xml.cnaps2.beps.v12200101.ActiveCurrencyAndAmount" createOnElement="com.topfinance.ebo.msg.Beps12200101FinCdtTrfInf">
  				<jb:value data="tlAmt" decoder="BigDecimal" property="value"/>
  	</jb:bean>
  	<jb:bean beanId="finCdtTrf.finCdtTrfInf[0].xxx.dbtr.pstlAdr" class="com.xml.cnaps2.beps.v12200101.PostalAddress1" createOnElement="com.topfinance.ebo.msg.Beps12200101FinCdtTrfInf">
  				<jb:value data="padrLine"  property="adrLine"/>
  	</jb:bean>
  	<jb:bean beanId="finCdtTrf.finCdtTrfInf[0].xxx.dbtrAcct" class="com.xml.cnaps2.beps.v12200101.DebtorAccount1" createOnElement="com.topfinance.ebo.msg.Beps12200101FinCdtTrfInf">
    	<jb:wiring beanIdRef="finCdtTrf.finCdtTrfInf[0].xxx.dbtrAcct.id" property="id"/>
  	</jb:bean>
  	<jb:bean beanId="finCdtTrf.npcPrcInf" class="com.xml.cnaps2.beps.v12200101.NPCProcessInformation1" createOnElement="com.topfinance.ebo.msg.Beps12200101">
  				<jb:value data="prcSts"  property="prcSts"/>
  				<jb:value data="prcCd"  property="prcCd"/>
  				<jb:value data="rjctInf"  property="rjctInf"/>
  				<jb:value data="netgDt" decoder="Date" property="netgDt">
    				<jb:decodeParam name="format">yyyy-MM-dd HH:mm:ss.S z</jb:decodeParam>
					</jb:value>
  				<jb:value data="netgRnd"  property="netgRnd"/>
  				<jb:value data="sttlmDt" decoder="Date" property="sttlmDt">
    				<jb:decodeParam name="format">yyyy-MM-dd HH:mm:ss.S z</jb:decodeParam>
					</jb:value>
  				<jb:value data="rcvTm" decoder="Date" property="rcvTm">
    				<jb:decodeParam name="format">yyyy-MM-dd HH:mm:ss.S z</jb:decodeParam>
					</jb:value>
  				<jb:value data="trnsmtTm" decoder="Date" property="trnsmtTm">
    				<jb:decodeParam name="format">yyyy-MM-dd HH:mm:ss.S z</jb:decodeParam>
					</jb:value>
  	</jb:bean>
  	<jb:bean beanId="finCdtTrf" class="com.xml.cnaps2.beps.v12200101.FinancialCreditTransfer" createOnElement="com.topfinance.ebo.msg.Beps12200101">
    	<jb:wiring beanIdRef="finCdtTrf.pKGGrpHdr" property="pKGGrpHdr"/>
    	<jb:wiring beanIdRef="finCdtTrf.npcPrcInf" property="npcPrcInf"/>
    	<jb:wiring beanIdRef="finCdtTrf.finCdtTrfInf[0]" property="finCdtTrfInf"/>
  	</jb:bean>
  	<jb:bean beanId="finCdtTrf.finCdtTrfInf[0].xxx.finCdtTrfAddtlInf.ntlTrsrInf.fslInf.amt" class="com.xml.cnaps2.beps.v12200101.ActiveCurrencyAndAmount" createOnElement="com.topfinance.ebo.msg.Beps12200101FinCdtTrfInf">
  				<jb:value data="fisDetlAmt" decoder="BigDecimal" property="value"/>
  	</jb:bean>
  	<jb:bean beanId="finCdtTrf.pKGGrpHdr" class="com.xml.cnaps2.beps.v12200101.PKGGroupHeader1" createOnElement="com.topfinance.ebo.msg.Beps12200101">
    	<jb:wiring beanIdRef="finCdtTrf.pKGGrpHdr.instgPty" property="instgPty"/>
    	<jb:wiring beanIdRef="finCdtTrf.pKGGrpHdr.instdPty" property="instdPty"/>
    	<jb:wiring beanIdRef="finCdtTrf.pKGGrpHdr.ctrlSum" property="ctrlSum"/>
  				<jb:value data="msgId"  property="msgId"/>
  				<jb:value data="creDtTm" decoder="Date" property="creDtTm">
    				<jb:decodeParam name="format">yyyy-MM-dd HH:mm:ss.S z</jb:decodeParam>
					</jb:value>
  				<jb:value data="nbOfTxs"  property="nbOfTxs"/>
  				<jb:value data="sysCd"  property="sysCd"/>
  				<jb:value data="rmk"  property="rmk"/>
  	</jb:bean>
  	<jb:bean beanId="target" class="com.xml.cnaps2.beps.v12200101.Document" createOnElement="com.topfinance.ebo.msg.Beps12200101">
    	<jb:wiring beanIdRef="finCdtTrf" property="finCdtTrf"/>
  	</jb:bean>
  	<jb:bean beanId="finCdtTrf.finCdtTrfInf[0].xxx" class="com.xml.cnaps2.beps.v12200101.FinancialCreditTransferInformation1" createOnElement="com.topfinance.ebo.msg.Beps12200101FinCdtTrfInf">
    	<jb:wiring beanIdRef="finCdtTrf.finCdtTrfInf[0].xxx.dbtr" property="dbtr"/>
    	<jb:wiring beanIdRef="finCdtTrf.finCdtTrfInf[0].xxx.dbtrAcct" property="dbtrAcct"/>
    	<jb:wiring beanIdRef="finCdtTrf.finCdtTrfInf[0].xxx.dbtrAgt" property="dbtrAgt"/>
    	<jb:wiring beanIdRef="finCdtTrf.finCdtTrfInf[0].xxx.cdtrAgt" property="cdtrAgt"/>
    	<jb:wiring beanIdRef="finCdtTrf.finCdtTrfInf[0].xxx.cdtr" property="cdtr"/>
    	<jb:wiring beanIdRef="finCdtTrf.finCdtTrfInf[0].xxx.cdtrAcct" property="cdtrAcct"/>
    	<jb:wiring beanIdRef="finCdtTrf.finCdtTrfInf[0].xxx.amt" property="amt"/>
    	<jb:wiring beanIdRef="finCdtTrf.finCdtTrfInf[0].xxx.pmtTpInf" property="pmtTpInf"/>
    	<jb:wiring beanIdRef="finCdtTrf.finCdtTrfInf[0].xxx.purp" property="purp"/>
    	<jb:wiring beanIdRef="finCdtTrf.finCdtTrfInf[0].xxx.finCdtTrfAddtlInf" property="finCdtTrfAddtlInf"/>
  				<jb:value data="txId"  property="txId"/>
  				<jb:value data="addtlInf"  property="addtlInf"/>
  	</jb:bean>
  	<jb:bean beanId="finCdtTrf.pKGGrpHdr.instgPty" class="com.xml.cnaps2.beps.v12200101.InstgPty1" createOnElement="com.topfinance.ebo.msg.Beps12200101">
  				<jb:value data="instgDrctPty"  property="instgDrctPty"/>
  	</jb:bean>
  	<jb:bean beanId="finCdtTrf.pKGGrpHdr.instdPty" class="com.xml.cnaps2.beps.v12200101.InstdPty1" createOnElement="com.topfinance.ebo.msg.Beps12200101">
  				<jb:value data="instdDrctPty"  property="instdDrctPty"/>
  	</jb:bean>
  	<jb:bean beanId="finCdtTrf.finCdtTrfInf[0].xxx.cdtrAgt.brnchId" class="com.xml.cnaps2.beps.v12200101.BranchIdentification1" createOnElement="com.topfinance.ebo.msg.Beps12200101FinCdtTrfInf">
  				<jb:value data="cdtrAgtBrnchId"  property="id"/>
  	</jb:bean>
  	<jb:bean beanId="finCdtTrf.finCdtTrfInf[0].xxx.finCdtTrfAddtlInf.ntlTrsrCdtInf.fslInf" class="com.xml.cnaps2.beps.v12200101.FiscalInformation1" createOnElement="com.topfinance.ebo.msg.Beps12200101FinCdtTrfInf">
    	<jb:wiring beanIdRef="finCdtTrf.finCdtTrfInf[0].xxx.finCdtTrfAddtlInf.ntlTrsrCdtInf.fslInf.amt" property="amt"/>
  				<jb:value data="flowNb"  property="flowNb"/>
  				<jb:value data="rptCd"  property="rptCd"/>
  				<jb:value data="rcvCd"  property="rcvCd"/>
  				<jb:value data="rptFrms" decoder="Date" property="rptFrms">
    				<jb:decodeParam name="format">yyyy-MM-dd HH:mm:ss.S z</jb:decodeParam>
					</jb:value>
  				<jb:value data="rptNb"  property="rptNb"/>
  	</jb:bean>
  	<jb:bean beanId="finCdtTrf.finCdtTrfInf[0].xxx.pmtTpInf.ctgyPurp" class="com.xml.cnaps2.beps.v12200101.CategoryPurpose1" createOnElement="com.topfinance.ebo.msg.Beps12200101FinCdtTrfInf">
  				<jb:value data="tpCdPrtry"  property="prtry"/>
  	</jb:bean>
  	<!--jb:bean beanId="finCdtTrf.finCdtTrfInf[0].xxx.finCdtTrfAddtlInf.ntlTrsrCdtInf" class="com.xml.cnaps2.beps.v12200101.NationalTreasuryCreditInformation1" createOnElement="com.topfinance.ebo.msg.Beps12200101FinCdtTrfInf/ntlTrsrCdtInfDtls"-->
  	<jb:bean beanId="finCdtTrf.finCdtTrfInf[0].xxx.finCdtTrfAddtlInf.ntlTrsrCdtInf" class="com.xml.cnaps2.beps.v12200101.NationalTreasuryCreditInformation1" createOnElement="com.topfinance.ebo.msg.Beps12200101NtlTrsrCdtInfDtls">
    	<jb:wiring beanIdRef="finCdtTrf.finCdtTrfInf[0].xxx.finCdtTrfAddtlInf.ntlTrsrCdtInf.fslInf" property="fslInf"/>
    	<jb:wiring beanIdRef="finCdtTrf.finCdtTrfInf[0].xxx.finCdtTrfAddtlInf.ntlTrsrCdtInf.ntlTrsrCdtInfDtls[0]" property="ntlTrsrCdtInfDtls"/>
  				<jb:value data="bugtLvl"  property="bugtLvl"/>
  				<jb:value data="ind"  property="ind"/>
  				<jb:value data="bugtTp"  property="bugtTp"/>
  				<jb:value data="nbOfTxs"  property="nbOfTxs"/>
  	</jb:bean>
  	<jb:bean beanId="finCdtTrf.finCdtTrfInf[0].xxx.cdtrAcct" class="com.xml.cnaps2.beps.v12200101.CreditorAccount1" createOnElement="com.topfinance.ebo.msg.Beps12200101FinCdtTrfInf">
    	<jb:wiring beanIdRef="finCdtTrf.finCdtTrfInf[0].xxx.cdtrAcct.id" property="id"/>
  	</jb:bean>
  	<!-- testing... the commented usage will cause an extra empty ntlTrsrInf elements be rendered -->
  	<!--jb:bean beanId="finCdtTrf.finCdtTrfInf[0].xxx.finCdtTrfAddtlInf.ntlTrsrInf" class="com.xml.cnaps2.beps.v12200101.NationalTreasuryInformation1" createOnElement="com.topfinance.ebo.msg.Beps12200101FinCdtTrfInf/ntlTrsrInfDtls"-->
  	<!--jb:bean beanId="finCdtTrf.finCdtTrfInf[0].xxx.finCdtTrfAddtlInf.ntlTrsrInf" class="com.xml.cnaps2.beps.v12200101.NationalTreasuryInformation1" createOnElement="com.topfinance.ebo.msg.Beps12200101FinCdtTrfInf"-->
  	<jb:bean beanId="finCdtTrf.finCdtTrfInf[0].xxx.finCdtTrfAddtlInf.ntlTrsrInf" class="com.xml.cnaps2.beps.v12200101.NationalTreasuryInformation1" createOnElement="com.topfinance.ebo.msg.Beps12200101NtlTrsrInfDtls">
    	<jb:wiring beanIdRef="finCdtTrf.finCdtTrfInf[0].xxx.finCdtTrfAddtlInf.ntlTrsrInf.fslInf" property="fslInf"/>
    	<jb:wiring beanIdRef="finCdtTrf.finCdtTrfInf[0].xxx.finCdtTrfAddtlInf.ntlTrsrInf.ntlTrsrInfDtls[0]" property="ntlTrsrInfDtls"/>
  				<jb:value data="fisNbOfTxs"  property="nbOfTxs"/>
  	</jb:bean>
  	<jb:bean beanId="finCdtTrf.finCdtTrfInf[0].xxx.dbtrAcct.id.othr" class="com.xml.cnaps2.beps.v12200101.Other1" createOnElement="com.topfinance.ebo.msg.Beps12200101FinCdtTrfInf">
  				<jb:value data="dbtrAcctId"  property="id"/>
  				<jb:value data="dbtrAcctIssr"  property="issr"/>
  	</jb:bean>
  	<jb:bean beanId="finCdtTrf.finCdtTrfInf[0].xxx.dbtrAgt" class="com.xml.cnaps2.beps.v12200101.DebtorAgent1" createOnElement="com.topfinance.ebo.msg.Beps12200101FinCdtTrfInf">
    	<jb:wiring beanIdRef="finCdtTrf.finCdtTrfInf[0].xxx.dbtrAgt.brnchId" property="brnchId"/>
  	</jb:bean>
  	<jb:bean beanId="finCdtTrf.finCdtTrfInf[0].xxx.dbtrAgt.brnchId" class="com.xml.cnaps2.beps.v12200101.BranchIdentification1" createOnElement="com.topfinance.ebo.msg.Beps12200101FinCdtTrfInf">
  				<jb:value data="dbtrAgtBrnchId"  property="id"/>
  	</jb:bean>
  	<jb:bean beanId="finCdtTrf.pKGGrpHdr.ctrlSum" class="com.xml.cnaps2.beps.v12200101.ActiveCurrencyAndAmount" createOnElement="com.topfinance.ebo.msg.Beps12200101">
  				<jb:value data="ctrlSum" decoder="BigDecimal" property="value"/>
  	</jb:bean>
	
  	<jb:bean beanId="finCdtTrf.finCdtTrfInf[0].xxx.finCdtTrfAddtlInf.ntlTrsrCdtInf.ntlTrsrCdtInfDtls[0]" class="java.util.ArrayList" createOnElement="com.topfinance.ebo.msg.Beps12200101FinCdtTrfInf">
  			<jb:wiring beanIdRef="finCdtTrf.finCdtTrfInf[0].xxx.finCdtTrfAddtlInf.ntlTrsrCdtInf.ntlTrsrCdtInfDtls[0].xxx" />
  	</jb:bean>
  	<jb:bean beanId="finCdtTrf.finCdtTrfInf[0].xxx.finCdtTrfAddtlInf.ntlTrsrCdtInf.ntlTrsrCdtInfDtls[0].xxx" class="com.xml.cnaps2.beps.v12200101.NationalTreasuryCreditInformationDetails1" createOnElement="com.topfinance.ebo.msg.Beps12200101NtlTrsrCdtInfDtls">
  				<jb:value data="tpCd"  property="tpCd"/>
  				<jb:value data="sbjtCd"  property="sbjtCd"/>
    				<jb:wiring beanIdRef="finCdtTrf.finCdtTrfInf[0].xxx.finCdtTrfAddtlInf.ntlTrsrCdtInf.ntlTrsrCdtInfDtls[0].xxx.amt" property="amt"/>
  	</jb:bean>
  	<jb:bean beanId="finCdtTrf.finCdtTrfInf[0].xxx.finCdtTrfAddtlInf.ntlTrsrCdtInf.ntlTrsrCdtInfDtls[0].xxx.amt" class="com.xml.cnaps2.beps.v12200101.ActiveCurrencyAndAmount" createOnElement="com.topfinance.ebo.msg.Beps12200101NtlTrsrCdtInfDtls">
  				<jb:value data="amt" decoder="BigDecimal" property="value"/>
  	</jb:bean>
	
  	<jb:bean beanId="finCdtTrf.finCdtTrfInf[0].xxx.finCdtTrfAddtlInf.ntlTrsrInf.ntlTrsrInfDtls[0]" class="java.util.ArrayList" createOnElement="com.topfinance.ebo.msg.Beps12200101FinCdtTrfInf">
  			<jb:wiring beanIdRef="finCdtTrf.finCdtTrfInf[0].xxx.finCdtTrfAddtlInf.ntlTrsrInf.ntlTrsrInfDtls[0].xxx" />
  	</jb:bean>
  	<jb:bean beanId="finCdtTrf.finCdtTrfInf[0].xxx.finCdtTrfAddtlInf.ntlTrsrInf.ntlTrsrInfDtls[0].xxx" class="com.xml.cnaps2.beps.v12200101.NationalTreasuryInformationDetails1" createOnElement="com.topfinance.ebo.msg.Beps12200101NtlTrsrInfDtls">
  				<jb:value data="bankTpCd"  property="tpCd"/>
  				<jb:value data="cptlCd"  property="cptlCd"/>
    				<jb:wiring beanIdRef="finCdtTrf.finCdtTrfInf[0].xxx.finCdtTrfAddtlInf.ntlTrsrInf.ntlTrsrInfDtls[0].xxx.cptlAmt" property="cptlAmt"/>
  				<jb:value data="acrlCd"  property="acrlCd"/>
    				<jb:wiring beanIdRef="finCdtTrf.finCdtTrfInf[0].xxx.finCdtTrfAddtlInf.ntlTrsrInf.ntlTrsrInfDtls[0].xxx.acrlAmt" property="acrlAmt"/>
  	</jb:bean>
  	<jb:bean beanId="finCdtTrf.finCdtTrfInf[0].xxx.finCdtTrfAddtlInf.ntlTrsrInf.ntlTrsrInfDtls[0].xxx.cptlAmt" class="com.xml.cnaps2.beps.v12200101.ActiveCurrencyAndAmount" createOnElement="com.topfinance.ebo.msg.Beps12200101NtlTrsrInfDtls">
  				<jb:value data="cptlAmt" decoder="BigDecimal" property="value"/>
  	</jb:bean>
  	<jb:bean beanId="finCdtTrf.finCdtTrfInf[0].xxx.finCdtTrfAddtlInf.ntlTrsrInf.ntlTrsrInfDtls[0].xxx.acrlAmt" class="com.xml.cnaps2.beps.v12200101.ActiveCurrencyAndAmount" createOnElement="com.topfinance.ebo.msg.Beps12200101NtlTrsrInfDtls">
  				<jb:value data="acrlAmt" decoder="BigDecimal" property="value"/>
  	</jb:bean>
</smooks-resource-list>  
    
