<?xml version="1.0" encoding="ASCII"?>
<smooks-resource-list xmlns="http://www.milyn.org/xsd/smooks-1.1.xsd" xmlns:jb="http://www.milyn.org/xsd/smooks/javabean-1.2.xsd">
  <params>
    <param name="stream.filter.type">SAX</param>
    <param name="inputType">input.java</param>
    <param name="input.java" type="input.type.actived">com.topfinance.ebo.msg.Beps39200101</param>
  </params>
  	<jb:bean beanId="cstmrPmtStsRpt.grpHdr.initgPty" class="com.xml.cnaps2.beps.v39200101.PartyIdentification32" createOnElement="com.topfinance.ebo.msg.Beps39200101">
  		<jb:value data="instgDrctPty"  property="nm"/>
  	</jb:bean>
  	<jb:bean beanId="cstmrPmtStsRpt.grpHdr.fwdgAgt.finInstnId" class="com.xml.cnaps2.beps.v39200101.FinancialInstitutionIdentification7" createOnElement="com.topfinance.ebo.msg.Beps39200101">
    	<jb:wiring beanIdRef="cstmrPmtStsRpt.grpHdr.fwdgAgt.finInstnId.clrSysMmbId" property="clrSysMmbId"/>
  	</jb:bean>
  	<jb:bean beanId="cstmrPmtStsRpt.orgnlPmtInfAndSts.txInfAndSts.orgnlTxRef.pmtTpInf.ctgyPurp" class="com.xml.cnaps2.beps.v39200101.CategoryPurpose1Choice" createOnElement="com.topfinance.ebo.msg.Beps39200101">
  		<jb:value data="orgnlTpCd"  property="prtry"/>
  	</jb:bean>
  	<jb:bean beanId="cstmrPmtStsRpt.orgnlPmtInfAndSts.txInfAndSts.orgnlTxRef.rmtInf" class="com.xml.cnaps2.beps.v39200101.RemittanceInformation5" createOnElement="com.topfinance.ebo.msg.Beps39200101">
  		<jb:value data="ustrdAddinfo"  property="ustrd"/>
  	</jb:bean>
  	<jb:bean beanId="cstmrPmtStsRpt.orgnlPmtInfAndSts.txInfAndSts.stsRsnInf" class="com.xml.cnaps2.beps.v39200101.StatusReasonInformation8" createOnElement="com.topfinance.ebo.msg.Beps39200101">
    	<jb:wiring beanIdRef="cstmrPmtStsRpt.orgnlPmtInfAndSts.txInfAndSts.stsRsnInf.rsn" property="rsn"/>
  		<jb:value data="rejRsn"  property="addtlInf"/>
  	</jb:bean>
  	<jb:bean beanId="cstmrPmtStsRpt.orgnlPmtInfAndSts.txInfAndSts.orgnlTxRef.dbtrAgt" class="com.xml.cnaps2.beps.v39200101.BranchAndFinancialInstitutionIdentification4" createOnElement="com.topfinance.ebo.msg.Beps39200101">
    	<jb:wiring beanIdRef="cstmrPmtStsRpt.orgnlPmtInfAndSts.txInfAndSts.orgnlTxRef.dbtrAgt.finInstnId" property="finInstnId"/>
    	<jb:wiring beanIdRef="cstmrPmtStsRpt.orgnlPmtInfAndSts.txInfAndSts.orgnlTxRef.dbtrAgt.brnchId" property="brnchId"/>
  	</jb:bean>
  	<jb:bean beanId="cstmrPmtStsRpt.orgnlPmtInfAndSts.txInfAndSts.orgnlTxRef.pmtTpInf" class="com.xml.cnaps2.beps.v39200101.PaymentTypeInformation22" createOnElement="com.topfinance.ebo.msg.Beps39200101">
    	<jb:wiring beanIdRef="cstmrPmtStsRpt.orgnlPmtInfAndSts.txInfAndSts.orgnlTxRef.pmtTpInf.ctgyPurp" property="ctgyPurp"/>
  	</jb:bean>
  	<jb:bean beanId="cstmrPmtStsRpt.orgnlPmtInfAndSts.txInfAndSts.stsRsnInf.rsn" class="com.xml.cnaps2.beps.v39200101.StatusReason6Choice" createOnElement="com.topfinance.ebo.msg.Beps39200101">
  		<jb:value data="rejCd"  property="prtry"/>
  	</jb:bean>
  	<jb:bean beanId="cstmrPmtStsRpt" class="com.xml.cnaps2.beps.v39200101.CustomerPaymentStatusReportV03" createOnElement="com.topfinance.ebo.msg.Beps39200101">
    	<jb:wiring beanIdRef="cstmrPmtStsRpt.grpHdr" property="grpHdr"/>
    	<jb:wiring beanIdRef="cstmrPmtStsRpt.orgnlGrpInfAndSts" property="orgnlGrpInfAndSts"/>
    	<jb:wiring beanIdRef="cstmrPmtStsRpt.orgnlPmtInfAndSts" property="orgnlPmtInfAndSts"/>
  	</jb:bean>
  	<jb:bean beanId="cstmrPmtStsRpt.orgnlPmtInfAndSts" class="com.xml.cnaps2.beps.v39200101.OriginalPaymentInformation1" createOnElement="com.topfinance.ebo.msg.Beps39200101">
    	<jb:wiring beanIdRef="cstmrPmtStsRpt.orgnlPmtInfAndSts.txInfAndSts" property="txInfAndSts"/>
  		<jb:value data="orgnlPmtInfId"  property="orgnlPmtInfId"/>
  	</jb:bean>
  	<jb:bean beanId="cstmrPmtStsRpt.orgnlPmtInfAndSts.txInfAndSts.orgnlTxRef.dbtrAgt.brnchId" class="com.xml.cnaps2.beps.v39200101.BranchData2" createOnElement="com.topfinance.ebo.msg.Beps39200101">
  		<jb:value data="dbtrAgtBrnchId"  property="id"/>
  	</jb:bean>
  	<jb:bean beanId="cstmrPmtStsRpt.orgnlPmtInfAndSts.txInfAndSts.orgnlTxRef.cdtrAgt.finInstnId" class="com.xml.cnaps2.beps.v39200101.FinancialInstitutionIdentification7" createOnElement="com.topfinance.ebo.msg.Beps39200101">
    	<jb:wiring beanIdRef="cstmrPmtStsRpt.orgnlPmtInfAndSts.txInfAndSts.orgnlTxRef.cdtrAgt.finInstnId.clrSysMmbId" property="clrSysMmbId"/>
  	</jb:bean>
  	<jb:bean beanId="cstmrPmtStsRpt.orgnlPmtInfAndSts.txInfAndSts.orgnlTxRef" class="com.xml.cnaps2.beps.v39200101.OriginalTransactionReference13" createOnElement="com.topfinance.ebo.msg.Beps39200101">
    	<jb:wiring beanIdRef="cstmrPmtStsRpt.orgnlPmtInfAndSts.txInfAndSts.orgnlTxRef.intrBkSttlmAmt" property="intrBkSttlmAmt"/>
    	<jb:wiring beanIdRef="cstmrPmtStsRpt.orgnlPmtInfAndSts.txInfAndSts.orgnlTxRef.pmtTpInf" property="pmtTpInf"/>
    	<jb:wiring beanIdRef="cstmrPmtStsRpt.orgnlPmtInfAndSts.txInfAndSts.orgnlTxRef.rmtInf" property="rmtInf"/>
    	<jb:wiring beanIdRef="cstmrPmtStsRpt.orgnlPmtInfAndSts.txInfAndSts.orgnlTxRef.dbtrAgt" property="dbtrAgt"/>
    	<jb:wiring beanIdRef="cstmrPmtStsRpt.orgnlPmtInfAndSts.txInfAndSts.orgnlTxRef.cdtrAgt" property="cdtrAgt"/>
  	</jb:bean>
  	<jb:bean beanId="cstmrPmtStsRpt.orgnlPmtInfAndSts.txInfAndSts" class="com.xml.cnaps2.beps.v39200101.PaymentTransactionInformation25" createOnElement="com.topfinance.ebo.msg.Beps39200101">
    	<jb:wiring beanIdRef="cstmrPmtStsRpt.orgnlPmtInfAndSts.txInfAndSts.stsRsnInf" property="stsRsnInf"/>
    	<jb:wiring beanIdRef="cstmrPmtStsRpt.orgnlPmtInfAndSts.txInfAndSts.orgnlTxRef" property="orgnlTxRef"/>
  		<jb:value data="stsId"  property="stsId"/>
  		<jb:value data="orgnlInstrId"  property="orgnlInstrId"/>
  	</jb:bean>
  	<jb:bean beanId="target" class="com.xml.cnaps2.beps.v39200101.Document" createOnElement="com.topfinance.ebo.msg.Beps39200101">
    	<jb:wiring beanIdRef="cstmrPmtStsRpt" property="cstmrPmtStsRpt"/>
  	</jb:bean>
  	<jb:bean beanId="cstmrPmtStsRpt.orgnlPmtInfAndSts.txInfAndSts.orgnlTxRef.cdtrAgt.brnchId" class="com.xml.cnaps2.beps.v39200101.BranchData2" createOnElement="com.topfinance.ebo.msg.Beps39200101">
  		<jb:value data="cdtrAgtBrnchId"  property="id"/>
  	</jb:bean>
  	<jb:bean beanId="cstmrPmtStsRpt.orgnlPmtInfAndSts.txInfAndSts.orgnlTxRef.dbtrAgt.finInstnId" class="com.xml.cnaps2.beps.v39200101.FinancialInstitutionIdentification7" createOnElement="com.topfinance.ebo.msg.Beps39200101">
    	<jb:wiring beanIdRef="cstmrPmtStsRpt.orgnlPmtInfAndSts.txInfAndSts.orgnlTxRef.dbtrAgt.finInstnId.clrSysMmbId" property="clrSysMmbId"/>
  	</jb:bean>
  	<jb:bean beanId="cstmrPmtStsRpt.grpHdr" class="com.xml.cnaps2.beps.v39200101.GroupHeader36" createOnElement="com.topfinance.ebo.msg.Beps39200101">
    	<jb:wiring beanIdRef="cstmrPmtStsRpt.grpHdr.initgPty" property="initgPty"/>
    	<jb:wiring beanIdRef="cstmrPmtStsRpt.grpHdr.fwdgAgt" property="fwdgAgt"/>
  		<jb:value data="msgId"  property="msgId"/>
  		<jb:value data="creDtTm" decoder="Date" property="creDtTm">
    		<jb:decodeParam name="format">yyyy-MM-dd HH:mm:ss.S z</jb:decodeParam>
			</jb:value>
  	</jb:bean>
  	<jb:bean beanId="cstmrPmtStsRpt.orgnlPmtInfAndSts.txInfAndSts.orgnlTxRef.cdtrAgt.finInstnId.clrSysMmbId" class="com.xml.cnaps2.beps.v39200101.ClearingSystemMemberIdentification2" createOnElement="com.topfinance.ebo.msg.Beps39200101">
  		<jb:value data="cdtrClrSysMmbId"  property="mmbId"/>
  	</jb:bean>
  	<jb:bean beanId="cstmrPmtStsRpt.orgnlPmtInfAndSts.txInfAndSts.orgnlTxRef.intrBkSttlmAmt" class="com.xml.cnaps2.beps.v39200101.ActiveOrHistoricCurrencyAndAmount" createOnElement="com.topfinance.ebo.msg.Beps39200101">
  		<jb:value data="intrBkSttlmAmt" decoder="BigDecimal" property="value"/>
  	</jb:bean>
  	<jb:bean beanId="cstmrPmtStsRpt.grpHdr.fwdgAgt" class="com.xml.cnaps2.beps.v39200101.BranchAndFinancialInstitutionIdentification4" createOnElement="com.topfinance.ebo.msg.Beps39200101">
    	<jb:wiring beanIdRef="cstmrPmtStsRpt.grpHdr.fwdgAgt.finInstnId" property="finInstnId"/>
  	</jb:bean>
  	<jb:bean beanId="cstmrPmtStsRpt.orgnlPmtInfAndSts.txInfAndSts.orgnlTxRef.dbtrAgt.finInstnId.clrSysMmbId" class="com.xml.cnaps2.beps.v39200101.ClearingSystemMemberIdentification2" createOnElement="com.topfinance.ebo.msg.Beps39200101">
  		<jb:value data="dbtrClrSysMmbId"  property="mmbId"/>
  	</jb:bean>
  	<jb:bean beanId="cstmrPmtStsRpt.grpHdr.fwdgAgt.finInstnId.clrSysMmbId" class="com.xml.cnaps2.beps.v39200101.ClearingSystemMemberIdentification2" createOnElement="com.topfinance.ebo.msg.Beps39200101">
  		<jb:value data="instdDrctPty"  property="mmbId"/>
  	</jb:bean>
  	<jb:bean beanId="cstmrPmtStsRpt.orgnlGrpInfAndSts" class="com.xml.cnaps2.beps.v39200101.OriginalGroupInformation20" createOnElement="com.topfinance.ebo.msg.Beps39200101">
  		<jb:value data="orgnlMsgId"  property="orgnlMsgId"/>
  		<jb:value data="orgnlMsgNmId"  property="orgnlMsgNmId"/>
  	</jb:bean>
  	<jb:bean beanId="cstmrPmtStsRpt.orgnlPmtInfAndSts.txInfAndSts.orgnlTxRef.cdtrAgt" class="com.xml.cnaps2.beps.v39200101.BranchAndFinancialInstitutionIdentification4" createOnElement="com.topfinance.ebo.msg.Beps39200101">
    	<jb:wiring beanIdRef="cstmrPmtStsRpt.orgnlPmtInfAndSts.txInfAndSts.orgnlTxRef.cdtrAgt.finInstnId" property="finInstnId"/>
    	<jb:wiring beanIdRef="cstmrPmtStsRpt.orgnlPmtInfAndSts.txInfAndSts.orgnlTxRef.cdtrAgt.brnchId" property="brnchId"/>
  	</jb:bean>
</smooks-resource-list>  
    
