<?xml version="1.0" encoding="ASCII"?>
<smooks-resource-list xmlns="http://www.milyn.org/xsd/smooks-1.1.xsd" xmlns:jb="http://www.milyn.org/xsd/smooks/javabean-1.2.xsd">
  <params>
    <param name="stream.filter.type">SAX</param>
    <param name="inputType">input.xsd</param>
    <param name="input.xsd.rootElement">Document</param>
    <param name="input.xsd" type="input.type.actived"></param>
  </params>
  <jb:bean beanId="target" class="com.topfinance.ebo.msg.Beps38100101" createOnElement="Document">
				<jb:value data="/Document/CstmrCdtTrfInitn/GrpHdr/MsgId" property="msgId"/>    
  			<jb:value data="/Document/CstmrCdtTrfInitn/GrpHdr/CreDtTm" decoder="Date" property="creDtTm">
    			<jb:decodeParam name="format">yyyy-MM-dd'T'HH:mm:ss</jb:decodeParam>
				</jb:value>			
				<jb:value data="/Document/CstmrCdtTrfInitn/GrpHdr/NbOfTxs" property="nbOfTxs"/>    
				<jb:value data="/Document/CstmrCdtTrfInitn/GrpHdr/CtrlSum" property="ctrlSum"/>    
				<jb:value data="/Document/CstmrCdtTrfInitn/GrpHdr/InitgPty/Nm" property="instgDrctPty"/>    
				<jb:value data="/Document/CstmrCdtTrfInitn/GrpHdr/FwdgAgt/FInInstnId/ClrSysMmbId/MmbId" property="instdDrctPty"/>    
    		<jb:wiring beanIdRef="pmtInf[0]" property="pmtInf"/>

	</jb:bean>
	
  <jb:bean beanId="pmtInf[0]" class="java.util.HashSet" createOnElement="Document">
   	<jb:wiring beanIdRef="pmtInf" />
  </jb:bean>
	<jb:bean beanId="pmtInf" class="com.topfinance.ebo.msg.Beps38100101PmtInf" createOnElement="/Document/CstmrCdtTrfInitn/PmtInf">
		<jb:wiring beanIdRef="target" property="fid"/>
				<jb:value data="/Document/CstmrCdtTrfInitn/PmtInf/PmtInfId" property="pmtInfId"/>
				<jb:value data="/Document/CstmrCdtTrfInitn/PmtInf/PmtMtd" property="pmtMtd"/>
				<jb:value data="/Document/CstmrCdtTrfInitn/PmtInf/PmtTpInf/LclInstrm/Prtry" property="prtryTpCd"/>
  			<jb:value data="/Document/CstmrCdtTrfInitn/PmtInf/ReqdExctnDt" decoder="Date" property="reqdExctnDt">
    			<jb:decodeParam name="format">yyyy-MM-dd</jb:decodeParam>
				</jb:value>
				<jb:value data="/Document/CstmrCdtTrfInitn/PmtInf/Dbtr/Nm" property="dbtrNm"/>
				<jb:value data="/Document/CstmrCdtTrfInitn/PmtInf/DbtrAcct/Id/Othr/Id" property="dbtrAcctId"/>
				<jb:value data="/Document/CstmrCdtTrfInitn/PmtInf/DbtrAcct/Id/Othr/Issr" property="dbtrAcctIssr"/>
				<jb:value data="/Document/CstmrCdtTrfInitn/PmtInf/DbtrAgt/FInInstnId/ClrSysMmbId/MmbId" property="dbtrClrSysMmbId"/>
				<jb:value data="/Document/CstmrCdtTrfInitn/PmtInf/DbtrAgt/BrnchId/Id" property="dbtrAgtBrnchId"/>
				<jb:value data="/Document/CstmrCdtTrfInitn/PmtInf/CdtTrfTxInf/PmtId/EndToEndId" property="endToEndId"/>
				<jb:value data="/Document/CstmrCdtTrfInitn/PmtInf/CdtTrfTxInf/PmtTpInf/LclInstrm/Prtry" property="prtry"/>
				<jb:value data="/Document/CstmrCdtTrfInitn/PmtInf/CdtTrfTxInf/PmtTpInf/CtgyPurp/Prtry" property="lclInstrm"/>
				<jb:value data="/Document/CstmrCdtTrfInitn/PmtInf/CdtTrfTxInf/Amt/InstdAmt" property="instdAmt"/>
				<jb:value data="/Document/CstmrCdtTrfInitn/PmtInf/CdtTrfTxInf/CdtrAgt/FInInstnId/ClrSysMmbId/MmbId" property="cdtrClrSysMmbId"/>
				<jb:value data="/Document/CstmrCdtTrfInitn/PmtInf/CdtTrfTxInf/CdtrAgt/BrnchId/Id" property="cdtrAgtBrnchId"/>
				<jb:value data="/Document/CstmrCdtTrfInitn/PmtInf/CdtTrfTxInf/Cdtr/Nm" property="cdtrNm"/>
				<jb:value data="/Document/CstmrCdtTrfInitn/PmtInf/CdtTrfTxInf/CdtrAcct/Id/Othr/Id" property="cdtrAcctId"/>
				<jb:value data="/Document/CstmrCdtTrfInitn/PmtInf/CdtTrfTxInf/CdtrAcct/Id/Othr/Issr" property="cdtrAcctIssr"/>
				<jb:expression property="ustrdAddInfo" execOnElement="/Document/CstmrCdtTrfInitn/PmtInf/CdtTrfTxInf/RmtInf/Ustrd">
					if (_VALUE contains "H01") {
					return org.apache.commons.lang.StringUtils.substringAfterLast(_VALUE, "/H01/");
				      }else {
					return null;
				}
				</jb:expression>
				<jb:expression property="ustrdCtractId" execOnElement="/Document/CstmrCdtTrfInitn/PmtInf/CdtTrfTxInf/RmtInf/Ustrd">
							if (_VALUE contains "E40") {
					return org.apache.commons.lang.StringUtils.substringAfterLast(_VALUE, "/E40/");
				      }else {
					return null;
				}
				</jb:expression>
				<jb:expression property="ustrdCheckId" execOnElement="/Document/CstmrCdtTrfInitn/PmtInf/CdtTrfTxInf/RmtInf/Ustrd">
							if (_VALUE contains "K33") {
					return org.apache.commons.lang.StringUtils.substringAfterLast(_VALUE, "/K33/");
				      }else {
					return null;
				}
				</jb:expression>
	</jb:bean>  


</smooks-resource-list>  
    
