<?xml version="1.0" encoding="ASCII"?>
<smooks-resource-list xmlns="http://www.milyn.org/xsd/smooks-1.1.xsd" xmlns:jb="http://www.milyn.org/xsd/smooks/javabean-1.2.xsd">
  <params>
    <param name="stream.filter.type">SAX</param>
    <param name="inputType">input.java</param>
    <param name="input.java" type="input.type.actived">com.topfinance.ebo.msg.Beps41400101</param>
  </params>
  	<jb:bean beanId="realTmBizRvslRspn.orgnlGrpHdr" class="com.xml.cnaps2.beps.v41400101.OriginalGroupHeader1" createOnElement="com.topfinance.ebo.msg.Beps41400101">
  		<jb:value data="orgnlMsgId"  property="orgnlMsgId"/>
  		<jb:value data="orgnlInstgDrctPty"  property="orgnlInstgPty"/>
  		<jb:value data="orgnlMT"  property="orgnlMsgTp"/>
  	</jb:bean>
  	<jb:bean beanId="target" class="com.xml.cnaps2.beps.v41400101.Document" createOnElement="com.topfinance.ebo.msg.Beps41400101">
    	<jb:wiring beanIdRef="realTmBizRvslRspn" property="realTmBizRvslRspn"/>
  	</jb:bean>
  	<jb:bean beanId="realTmBizRvslRspn.realTmBizRvslRspnInf.npcPrcInf" class="com.xml.cnaps2.beps.v41400101.NPCProcessInformation1" createOnElement="com.topfinance.ebo.msg.Beps41400101">
  		<jb:value data="prcSts"  property="prcSts"/>
  		<jb:value data="prcCd"  property="prcCd"/>
  		<jb:value data="rjctInf"  property="rjctInf"/>
  		<jb:value data="netgDt" decoder="Date" property="netgDt">
    		<jb:decodeParam name="format">yyyy-MM-dd HH:mm:ss.S z</jb:decodeParam>
			</jb:value>
  		<jb:value data="netgRnd"  property="netgRnd"/>
  		<jb:value data="sttlmDt" decoder="Date" property="sttlmDt">
    		<jb:decodeParam name="format">yyyy-MM-dd HH:mm:ss.S z</jb:decodeParam>
			</jb:value>
  		<jb:value data="rcvTm" decoder="Date" property="rcvTm">
    		<jb:decodeParam name="format">yyyy-MM-dd HH:mm:ss.S z</jb:decodeParam>
			</jb:value>
  		<jb:value data="trnsmtTm" decoder="Date" property="trnsmtTm">
    		<jb:decodeParam name="format">yyyy-MM-dd HH:mm:ss.S z</jb:decodeParam>
			</jb:value>
  	</jb:bean>
  	<jb:bean beanId="realTmBizRvslRspn.grpHdr.instgPty" class="com.xml.cnaps2.beps.v41400101.InstgPty1" createOnElement="com.topfinance.ebo.msg.Beps41400101">
  		<jb:value data="instgDrctPty"  property="instgDrctPty"/>
  		<jb:value data="instgIndrctPty"  property="instgPty"/>
  	</jb:bean>
  	<jb:bean beanId="realTmBizRvslRspn.realTmBizRvslRspnInf" class="com.xml.cnaps2.beps.v41400101.RealTimeBusinessReversalResponeseInformation1" createOnElement="com.topfinance.ebo.msg.Beps41400101">
    	<jb:wiring beanIdRef="realTmBizRvslRspn.realTmBizRvslRspnInf.npcPrcInf" property="npcPrcInf"/>
    	<jb:wiring beanIdRef="realTmBizRvslRspn.realTmBizRvslRspnInf.orgnlTx" property="orgnlTx"/>
  	</jb:bean>
  	<jb:bean beanId="realTmBizRvslRspn.grpHdr.instdPty" class="com.xml.cnaps2.beps.v41400101.InstdPty1" createOnElement="com.topfinance.ebo.msg.Beps41400101">
  		<jb:value data="instdDrctPty"  property="instdDrctPty"/>
  		<jb:value data="instdIndrctPty"  property="instdPty"/>
  	</jb:bean>
  	<jb:bean beanId="realTmBizRvslRspn.realTmBizRvslRspnInf.orgnlTx" class="com.xml.cnaps2.beps.v41400101.OriginalTransaction1" createOnElement="com.topfinance.ebo.msg.Beps41400101">
    	<jb:wiring beanIdRef="realTmBizRvslRspn.realTmBizRvslRspnInf.orgnlTx.orgnlGrpHdr" property="orgnlGrpHdr"/>
  	</jb:bean>
  	<jb:bean beanId="realTmBizRvslRspn.realTmBizRvslRspnInf.orgnlTx.orgnlGrpHdr" class="com.xml.cnaps2.beps.v41400101.OriginalGroupHeader1" createOnElement="com.topfinance.ebo.msg.Beps41400101">
  		<jb:value data="rspnInfOrgnlMsgId"  property="orgnlMsgId"/>
  		<jb:value data="rspnInfOrgnlInstgDrctPty"  property="orgnlInstgPty"/>
  		<jb:value data="rspnInfOrgnlMT"  property="orgnlMsgTp"/>
  	</jb:bean>
  	<jb:bean beanId="realTmBizRvslRspn" class="com.xml.cnaps2.beps.v41400101.RealTimeBusinessReversalResponese" createOnElement="com.topfinance.ebo.msg.Beps41400101">
    	<jb:wiring beanIdRef="realTmBizRvslRspn.grpHdr" property="grpHdr"/>
    	<jb:wiring beanIdRef="realTmBizRvslRspn.orgnlGrpHdr" property="orgnlGrpHdr"/>
    	<jb:wiring beanIdRef="realTmBizRvslRspn.realTmBizRvslRspnInf" property="realTmBizRvslRspnInf"/>
  	</jb:bean>
  	<jb:bean beanId="realTmBizRvslRspn.grpHdr" class="com.xml.cnaps2.beps.v41400101.GroupHeader1" createOnElement="com.topfinance.ebo.msg.Beps41400101">
    	<jb:wiring beanIdRef="realTmBizRvslRspn.grpHdr.instgPty" property="instgPty"/>
    	<jb:wiring beanIdRef="realTmBizRvslRspn.grpHdr.instdPty" property="instdPty"/>
  		<jb:value data="msgId"  property="msgId"/>
  		<jb:value data="creDtTm" decoder="Date" property="creDtTm">
    		<jb:decodeParam name="format">yyyy-MM-dd HH:mm:ss.S z</jb:decodeParam>
			</jb:value>
  		<jb:value data="sysCd"  property="sysCd"/>
  		<jb:value data="rmk"  property="rmk"/>
  	</jb:bean>
</smooks-resource-list>  
    
