<?xml version="1.0" encoding="ASCII"?>
<smooks-resource-list xmlns="http://www.milyn.org/xsd/smooks-1.1.xsd" xmlns:jb="http://www.milyn.org/xsd/smooks/javabean-1.2.xsd">
  <params>
    <param name="stream.filter.type">SAX</param>
    <param name="inputType">input.xsd</param>
    <param name="input.xsd.rootElement">Document</param>
    <param name="input.xsd" type="input.type.actived">File:/E:/DevSpace/bc2/sample/Schema/ccms.900.001.02.xsd</param>
  </params>
  <jb:bean beanId="target" class="com.topfinance.ebo.msg.Ccms90000102" createOnElement="Document">
		<jb:value data="/Document/CmonConf/GrpHdr/MsgId" property="msgId"/>    
		<jb:value data="/Document/CmonConf/GrpHdr/CreDtTm" decoder="Date" property="creDtTm">    
					<jb:decodeParam name="format">yyyy-MM-dd'T'HH:mm:ss</jb:decodeParam>
		</jb:value>  
		<jb:value data="/Document/CmonConf/GrpHdr/InstgPty/InstgDrctPty" property="instgDrctPty"/>    
		<jb:value data="/Document/CmonConf/GrpHdr/InstgPty/InstgPty" property="instgIndrctPty"/>    
		<jb:value data="/Document/CmonConf/GrpHdr/InstdPty/InstdDrctPty" property="instdDrctPty"/>    
		<jb:value data="/Document/CmonConf/GrpHdr/InstdPty/InstdPty" property="instdIndrctPty"/>    
		<jb:value data="/Document/CmonConf/GrpHdr/SysCd" property="sysCd"/>    
		<jb:value data="/Document/CmonConf/GrpHdr/Rmk" property="rmk"/>    
		<jb:value data="/Document/CmonConf/CmonConfInf/PrcSts" property="prcSts"/>    
		<jb:value data="/Document/CmonConf/CmonConfInf/PrcCd" property="prcCd"/>    
		<jb:value data="/Document/CmonConf/CmonConfInf/PtyId" property="ptyId"/>    
		<jb:value data="/Document/CmonConf/CmonConfInf/PtyPrcCd" property="ptyPrcCd"/>    
		<jb:value data="/Document/CmonConf/CmonConfInf/RjctInf" property="rjctInf"/>        
		<jb:value data="/Document/CmonConf/CmonConfInf/PrcDt" decoder="Date" property="prcDt">    
					<jb:decodeParam name="format">yyyy-MM-dd</jb:decodeParam>
		</jb:value>
		<jb:value data="/Document/CmonConf/CmonConfInf/NetgRnd" property="netgRnd"/>    
	</jb:bean>
</smooks-resource-list>  
    
