<?xml version="1.0" encoding="ASCII"?>
<smooks-resource-list xmlns="http://www.milyn.org/xsd/smooks-1.1.xsd" xmlns:jb="http://www.milyn.org/xsd/smooks/javabean-1.2.xsd">
  <params>
    <param name="stream.filter.type">SAX</param>
    <param name="inputType">input.java</param>
    <param name="input.java" type="input.type.actived">com.topfinance.ebo.msg.Ccms90600101Hdr</param>
  </params>
  	<jb:bean beanId="bizClssTpMgmt.chngInf[0].xxx" class="com.xml.cnaps2.ccms.v90600101.ChngInf1" createOnElement="com.topfinance.ebo.msg.Ccms90600101">
    	<jb:wiring beanIdRef="bizClssTpMgmt.chngInf[0].xxx.chgTp" property="chgTp"/>
  		<jb:value data="mT"  property="mt"/>
  		<jb:value data="msgNm"  property="msgNm"/>
  		<jb:value data="txTpCd"  property="txTpCd"/>
  		<jb:value data="txTpNm"  property="txTpNm"/>
  		<jb:value data="ctgyPurpCd"  property="ctgyPurpCd"/>
  		<jb:value data="ctgyPurpNm"  property="ctgyPurpNm"/>
  	</jb:bean>
  	<jb:bean beanId="target" class="com.xml.cnaps2.ccms.v90600101.Document" createOnElement="com.topfinance.ebo.msg.Ccms90600101Hdr">
    	<jb:wiring beanIdRef="bizClssTpMgmt" property="bizClssTpMgmt"/>
  	</jb:bean>
  	<jb:bean beanId="bizClssTpMgmt.chngInf[0].xxx.chgTp" class="com.xml.cnaps2.ccms.v90600101.ChgTp1" createOnElement="com.topfinance.ebo.msg.Ccms90600101Hdr">
  		<jb:value data="chngTp"  property="chngTp"/>
  		<jb:value data="fctvTp"  property="fctvTp"/>
  		<jb:value data="fctvDt" decoder="Date" property="fctvDt">
    		<jb:decodeParam name="format">yyyy-MM-dd HH:mm:ss.S z</jb:decodeParam>
		</jb:value>
  		<jb:value data="ifctvDt" decoder="Date" property="ifctvDt">
    		<jb:decodeParam name="format">yyyy-MM-dd HH:mm:ss.S z</jb:decodeParam>
		</jb:value>
  	</jb:bean>
  	<jb:bean beanId="bizClssTpMgmt.grpHdr.instgPty" class="com.xml.cnaps2.ccms.v90600101.Instg1" createOnElement="com.topfinance.ebo.msg.Ccms90600101Hdr">
  		<jb:value data="instgDrctPty"  property="instgDrctPty"/>
  		<jb:value data="instgIndrctPty"  property="instgPty"/>
  	</jb:bean>
  	<jb:bean beanId="bizClssTpMgmt.chngInf[0]" class="java.util.ArrayList" createOnElement="com.topfinance.ebo.msg.Ccms90600101Hdr/chngInf">
    	<jb:wiring beanIdRef="bizClssTpMgmt.chngInf[0].xxx" />
  	</jb:bean>
  	<jb:bean beanId="bizClssTpMgmt.grpHdr" class="com.xml.cnaps2.ccms.v90600101.GroupHeader1" createOnElement="com.topfinance.ebo.msg.Ccms90600101Hdr">
    	<jb:wiring beanIdRef="bizClssTpMgmt.grpHdr.instgPty" property="instgPty"/>
    	<jb:wiring beanIdRef="bizClssTpMgmt.grpHdr.instdPty" property="instdPty"/>
  		<jb:value data="msgId"  property="msgId"/>
  		<jb:value data="creDtTm" decoder="Date" property="creDtTm">
    		<jb:decodeParam name="format">yyyy-MM-dd HH:mm:ss.S z</jb:decodeParam>
	    </jb:value>
  		<jb:value data="sysCd"  property="sysCd"/>
  		<jb:value data="rmk"  property="rmk"/>
  	</jb:bean>
  	<jb:bean beanId="bizClssTpMgmt" class="com.xml.cnaps2.ccms.v90600101.BizClssTpMgmtV01" createOnElement="com.topfinance.ebo.msg.Ccms90600101Hdr">
    	<jb:wiring beanIdRef="bizClssTpMgmt.grpHdr" property="grpHdr"/>
    	<jb:wiring beanIdRef="bizClssTpMgmt.chngInf[0]" property="chngInf"/>
  	</jb:bean>
  	<jb:bean beanId="bizClssTpMgmt.grpHdr.instdPty" class="com.xml.cnaps2.ccms.v90600101.Instd1" createOnElement="com.topfinance.ebo.msg.Ccms90600101Hdr">
  		<jb:value data="instdDrctPty"  property="instdDrctPty"/>
  		<jb:value data="instdIndrctPty"  property="instdPty"/>
  	</jb:bean>
</smooks-resource-list>  
    
