<?xml version="1.0" encoding="ASCII"?>
<smooks-resource-list xmlns="http://www.milyn.org/xsd/smooks-1.1.xsd" xmlns:jb="http://www.milyn.org/xsd/smooks/javabean-1.2.xsd">
  <params>
    <param name="stream.filter.type">SAX</param>
    <param name="inputType">input.xsd</param>
    <param name="input.xsd.rootElement">Document</param>
    <param name="input.xsd" type="input.type.actived"></param>
  </params>
  <jb:bean beanId="target" class="com.topfinance.ebo.msg.Ccms80900102Hdr" createOnElement="Document">
				<jb:value data="/Document/StopgNtfctn/GrpHdr/MsgId" property="msgId"/>     
				<jb:value data="/Document/StopgNtfctn/GrpHdr/CreDtTm" decoder="Date" property="creDtTm">    
					<jb:decodeParam name="format">yyyy-MM-dd'T'HH:mm:ss</jb:decodeParam>
				</jb:value>
				<jb:value data="/Document/StopgNtfctn/GrpHdr/InstgPty/InstgDrctPty" property="instgDrctPty"/>    
				<jb:value data="/Document/StopgNtfctn/GrpHdr/InstgPty/InstgPty" property="instgIndrctPty"/>    
				<jb:value data="/Document/StopgNtfctn/GrpHdr/InstdPty/InstdDrctPty" property="instdDrctPty"/>    
				<jb:value data="/Document/StopgNtfctn/GrpHdr/InstdPty/InstdPty" property="instdIndrctPty"/>    
				<jb:value data="/Document/StopgNtfctn/GrpHdr/SysCd" property="sysCd"/>    
				<jb:value data="/Document/StopgNtfctn/GrpHdr/Rmk" property="rmk"/>    
				<jb:value data="/Document/StopgNtfctn/StsInf/NewSts" property="newSts"/>    
				<jb:value data="/Document/StopgNtfctn/StsInf/FctvDt" decoder="Date" property="fctvDt">    
					<jb:decodeParam name="format">yyyy-MM-dd</jb:decodeParam>
		        </jb:value> 
				<jb:value data="/Document/StopgNtfctn/StsInf/EstmtdStartSvc" decoder="Date" property="estmtdStartSvc">    
					<jb:decodeParam name="format">yyyy-MM-dd'T'HH:mm:ss</jb:decodeParam>
				</jb:value>  
    		<jb:wiring beanIdRef="ndCd[0]" property="ndCd"/>

	</jb:bean>
	
  <jb:bean beanId="ndCd[0]" class="java.util.HashSet" createOnElement="Document">
   	<jb:wiring beanIdRef="ndCd" />
  </jb:bean>
	<jb:bean beanId="ndCd" class="com.topfinance.ebo.msg.Ccms80900102" createOnElement="/Document/StopgNtfctn/NdInf/NdCd">
		<jb:wiring beanIdRef="target" property="fid"/>
		<jb:value data="/Document/StopgNtfctn/NdInf/NdCd" property="ndCd"/> 
				<jb:value data="/Document/StopgNtfctn/NdInf/PtyId" property="ptyId"/>    
	</jb:bean>  


</smooks-resource-list>  
    
