<?xml version="1.0" encoding="ASCII"?>
<smooks-resource-list xmlns="http://www.milyn.org/xsd/smooks-1.1.xsd" xmlns:jb="http://www.milyn.org/xsd/smooks/javabean-1.2.xsd">
  <params>
    <param name="stream.filter.type">SAX</param>
    <param name="inputType">input.xsd</param>
    <param name="input.xsd.rootElement">Document</param>
    <param name="input.xsd" type="input.type.actived"></param>
  </params>
  <jb:bean beanId="target" class="com.topfinance.ebo.msg.Ccms90700102Hdr" createOnElement="Document">
				<jb:value data="/Document/SysParamNtfctn/GrpHdr/MsgId" property="msgId"/>      
				<jb:value data="/Document/SysParamNtfctn/GrpHdr/CreDtTm" decoder="Date" property="creDtTm">    
					<jb:decodeParam name="format">yyyy-MM-dd'T'HH:mm:ss</jb:decodeParam>
				</jb:value> 
				<jb:value data="/Document/SysParamNtfctn/GrpHdr/InstgPty/InstgDrctPty" property="instgDrctPty"/>    
				<jb:value data="/Document/SysParamNtfctn/GrpHdr/InstgPty/InstgPty" property="instgIndrctPty"/>    
				<jb:value data="/Document/SysParamNtfctn/GrpHdr/InstdPty/InstdDrctPty" property="instdDrctPty"/>    
				<jb:value data="/Document/SysParamNtfctn/GrpHdr/InstdPty/InstdPty" property="instdIndrctPty"/>    
				<jb:value data="/Document/SysParamNtfctn/GrpHdr/SysCd" property="sysCd"/>    
				<jb:value data="/Document/SysParamNtfctn/GrpHdr/Rmk" property="rmk"/>    
				<jb:value data="/Document/SysParamNtfctn/NbInf/ChngNb" property="chngNb"/>    
				<jb:value data="/Document/SysParamNtfctn/NbInf/ChngRcrdNb" property="chngRcrdNb"/>    
				<jb:value data="/Document/SysParamNtfctn/FctvInf/FctvTp" property="fctvTp"/>      
				<jb:value data="/Document/SysParamNtfctn/FctvInf/FctvDt" decoder="Date" property="fctvDt">    
					<jb:decodeParam name="format">yyyy-MM-dd</jb:decodeParam>
		        </jb:value>
    		<jb:wiring beanIdRef="sysParamInf[0]" property="sysParamInf"/>

	</jb:bean>
	
  <jb:bean beanId="sysParamInf[0]" class="java.util.HashSet" createOnElement="Document">
   	<jb:wiring beanIdRef="sysParamInf" />
  </jb:bean>
	<jb:bean beanId="sysParamInf" class="com.topfinance.ebo.msg.Ccms90700102" createOnElement="/Document/SysParamNtfctn/SysParamInf">
		<jb:wiring beanIdRef="target" property="fid"/>
				<jb:value data="/Document/SysParamNtfctn/SysParamInf/ChgTp" property="chngTp"/>    
				<jb:value data="/Document/SysParamNtfctn/SysParamInf/CmonDataTp" property="cmonDataTp"/>    
				<jb:value data="/Document/SysParamNtfctn/SysParamInf/CmonDataCd" property="cmonDataCd"/>    
				<jb:value data="/Document/SysParamNtfctn/SysParamInf/CmonDataNm" property="cmonDataNm"/>    
				<jb:value data="/Document/SysParamNtfctn/SysParamInf/CmonDataVal" property="cmonDataVal"/>    
	</jb:bean>  


</smooks-resource-list>  
    
