<?xml version="1.0" encoding="ASCII"?>
<smooks-resource-list xmlns="http://www.milyn.org/xsd/smooks-1.1.xsd" xmlns:jb="http://www.milyn.org/xsd/smooks/javabean-1.2.xsd">
  <params>
    <param name="stream.filter.type">SAX</param>
    <param name="inputType">input.java</param>
    <param name="input.java" type="input.type.actived">com.topfinance.ebo.msg.Ccms30800102</param>
  </params>
  	<jb:bean beanId="fiToFiPmtStsRpt.grpHdr.instdAgt" class="com.xml.iso20022.pacs.v00200103.BranchAndFinancialInstitutionIdentification4" createOnElement="com.topfinance.ebo.msg.Ccms30800102">
    	<jb:wiring beanIdRef="fiToFiPmtStsRpt.grpHdr.instdAgt.finInstnId" property="finInstnId"/>
  	</jb:bean>
  	<jb:bean beanId="target" class="com.xml.iso20022.pacs.v00200103.Document" createOnElement="com.topfinance.ebo.msg.Ccms30800102">
    	<jb:wiring beanIdRef="fiToFiPmtStsRpt" property="fiToFiPmtStsRpt"/>
  	</jb:bean>
  	<jb:bean beanId="fiToFiPmtStsRpt.grpHdr.instgAgt.finInstnId" class="com.xml.iso20022.pacs.v00200103.FinancialInstitutionIdentification7" createOnElement="com.topfinance.ebo.msg.Ccms30800102">
    	<jb:wiring beanIdRef="fiToFiPmtStsRpt.grpHdr.instgAgt.finInstnId.othr" property="othr"/>
  	</jb:bean>
  	<jb:bean beanId="fiToFiPmtStsRpt.grpHdr.instdAgt.finInstnId" class="com.xml.iso20022.pacs.v00200103.FinancialInstitutionIdentification7" createOnElement="com.topfinance.ebo.msg.Ccms30800102">
    	<jb:wiring beanIdRef="fiToFiPmtStsRpt.grpHdr.instdAgt.finInstnId.othr" property="othr"/>
  	</jb:bean>
  	<jb:bean beanId="fiToFiPmtStsRpt.txInfAndSts" class="com.xml.iso20022.pacs.v00200103.PaymentTransactionInformation26" createOnElement="com.topfinance.ebo.msg.Ccms30800102">
  				<jb:value data="stsId"  property="stsId"/>
  				<jb:value data="orgnlInstrId"  property="orgnlInstrId"/>
  				<jb:value data="clrSysRef"  property="clrSysRef"/>
  	</jb:bean>
  	<jb:bean beanId="fiToFiPmtStsRpt.orgnlGrpInfAndSts" class="com.xml.iso20022.pacs.v00200103.OriginalGroupInformation20" createOnElement="com.topfinance.ebo.msg.Ccms30800102">
    	<jb:wiring beanIdRef="fiToFiPmtStsRpt.orgnlGrpInfAndSts.stsRsnInf" property="stsRsnInf"/>
  				<jb:value data="orgnlMsgId"  property="orgnlMsgId"/>
  				<jb:value data="orgnlMsgNmId"  property="orgnlMsgNmId"/>
  	</jb:bean>
  	<jb:bean beanId="fiToFiPmtStsRpt" class="com.xml.iso20022.pacs.v00200103.FIToFIPaymentStatusReportV03" createOnElement="com.topfinance.ebo.msg.Ccms30800102">
    	<jb:wiring beanIdRef="fiToFiPmtStsRpt.grpHdr" property="grpHdr"/>
    	<jb:wiring beanIdRef="fiToFiPmtStsRpt.orgnlGrpInfAndSts" property="orgnlGrpInfAndSts"/>
    	<jb:wiring beanIdRef="fiToFiPmtStsRpt.txInfAndSts" property="txInfAndSts"/>
  	</jb:bean>
  	<jb:bean beanId="fiToFiPmtStsRpt.grpHdr.instgAgt.finInstnId.othr" class="com.xml.iso20022.pacs.v00200103.GenericFinancialIdentification1" createOnElement="com.topfinance.ebo.msg.Ccms30800102">
  				<jb:value data="senPId"  property="id"/>
  	</jb:bean>
  	<jb:bean beanId="fiToFiPmtStsRpt.grpHdr.instdAgt.finInstnId.othr" class="com.xml.iso20022.pacs.v00200103.GenericFinancialIdentification1" createOnElement="com.topfinance.ebo.msg.Ccms30800102">
  				<jb:value data="recPId"  property="id"/>
  	</jb:bean>
  	<jb:bean beanId="fiToFiPmtStsRpt.orgnlGrpInfAndSts.stsRsnInf" class="com.xml.iso20022.pacs.v00200103.StatusReasonInformation8" createOnElement="com.topfinance.ebo.msg.Ccms30800102">
    	<jb:wiring beanIdRef="fiToFiPmtStsRpt.orgnlGrpInfAndSts.stsRsnInf.addtlInf[0]" property="addtlInf"/>
    	<jb:wiring beanIdRef="fiToFiPmtStsRpt.orgnlGrpInfAndSts.stsRsnInf.addtlInf[0]" property="addtlInf"/>
  	</jb:bean>
  	<jb:bean beanId="fiToFiPmtStsRpt.orgnlGrpInfAndSts.stsRsnInf.addtlInf[0]" class="java.util.ArrayList" createOnElement="com.topfinance.ebo.msg.Ccms30800102">
  				<jb:value data="/com.topfinance.ebo.msg.Ccms30800102/nPCPrc"  />
  	</jb:bean>
  	<jb:bean beanId="fiToFiPmtStsRpt.grpHdr" class="com.xml.iso20022.pacs.v00200103.GroupHeader37" createOnElement="com.topfinance.ebo.msg.Ccms30800102">
    	<jb:wiring beanIdRef="fiToFiPmtStsRpt.grpHdr.instgAgt" property="instgAgt"/>
    	<jb:wiring beanIdRef="fiToFiPmtStsRpt.grpHdr.instdAgt" property="instdAgt"/>
  				<jb:value data="msgId"  property="msgId"/>
  				<jb:value data="creDtTm" decoder="Date" property="creDtTm">
    				<jb:decodeParam name="format">yyyy-MM-dd HH:mm:ss.S z</jb:decodeParam>
					</jb:value>
  	</jb:bean>
  	<jb:bean beanId="fiToFiPmtStsRpt.grpHdr.instgAgt" class="com.xml.iso20022.pacs.v00200103.BranchAndFinancialInstitutionIdentification4" createOnElement="com.topfinance.ebo.msg.Ccms30800102">
    	<jb:wiring beanIdRef="fiToFiPmtStsRpt.grpHdr.instgAgt.finInstnId" property="finInstnId"/>
  	</jb:bean>
</smooks-resource-list>  
    
