<?xml version="1.0" encoding="ASCII"?>
<smooks-resource-list xmlns="http://www.milyn.org/xsd/smooks-1.1.xsd" xmlns:jb="http://www.milyn.org/xsd/smooks/javabean-1.2.xsd">
  <params>
    <param name="stream.filter.type">SAX</param>
    <param name="inputType">input.xsd</param>
    <param name="input.xsd.rootElement">Document</param>
    <param name="input.xsd" type="input.type.actived">File:/E:/DevSpace/bc2/sample/Schema/ccms.312.001.01.xsd</param>
  </params>
  <jb:bean beanId="target" class="com.topfinance.ebo.msg.Ccms31200101" createOnElement="Document">
		<jb:value data="/Document/CmonSgntrInfBiz/GrpHdr/MsgId" property="msgId"/>    
		<jb:value data="/Document/CmonSgntrInfBiz/GrpHdr/CreDtTm" property="creDtTm"/>    
		<jb:value data="/Document/CmonSgntrInfBiz/GrpHdr/InstgPty/InstgDrctPty" property="instgDrctPty"/>    
		<jb:value data="/Document/CmonSgntrInfBiz/GrpHdr/InstgPty/InstgPty" property="instgIndrctPty"/>    
		<jb:value data="/Document/CmonSgntrInfBiz/GrpHdr/InstdPty/InstdDrctPty" property="instdDrctPty"/>    
		<jb:value data="/Document/CmonSgntrInfBiz/GrpHdr/InstdPty/InstdPty" property="instdIndrctPty"/>    
		<jb:value data="/Document/CmonSgntrInfBiz/GrpHdr/SysCd" property="sysCd"/>    
		<jb:value data="/Document/CmonSgntrInfBiz/GrpHdr/Rmk" property="rmk"/>    
		<jb:value data="/Document/CmonSgntrInfBiz/CmonSgntrInfBizInf/CtgyPurpCd" property="ctgyPurpCd"/>    
		<jb:value data="/Document/CmonSgntrInfBiz/CmonSgntrInfBizInf/TxTpCd" property="prtry"/>    
		<jb:value data="/Document/CmonSgntrInfBiz/CmonSgntrInfBizInf/Titl" property="titl"/>    
		<jb:value data="/Document/CmonSgntrInfBiz/CmonSgntrInfBizInf/Cntt" property="msgCntt"/>    
		<jb:value data="/Document/CmonSgntrInfBiz/CmonSgntrInfBizInf/AttchmtLen" property="attchmtLen"/>    
		<jb:value data="/Document/CmonSgntrInfBiz/CmonSgntrInfBizInf/AttchmtNm" property="attchmtNm"/>    
		<jb:value data="/Document/CmonSgntrInfBiz/CmonSgntrInfBizInf/AttchmtCntt" property="cntt"/>    
	</jb:bean>
</smooks-resource-list>  
    
