<?xml version="1.0" encoding="ASCII"?>
<smooks-resource-list xmlns="http://www.milyn.org/xsd/smooks-1.1.xsd" xmlns:jb="http://www.milyn.org/xsd/smooks/javabean-1.2.xsd">
  <params>
    <param name="stream.filter.type">SAX</param>
    <param name="inputType">input.xsd</param>
    <param name="input.xsd.rootElement">Document</param>
    <param name="input.xsd" type="input.type.actived">File:/E:/DevSpace/bc2/sample/Schema/ccms.801.001.02.xsd</param>
  </params>
  <jb:bean beanId="target" class="com.topfinance.ebo.msg.Ccms80100102" createOnElement="Document">
		<jb:value data="/Document/SysStsNtfctn/GrpHdr/MsgId" property="msgId"/>    
		<jb:value data="/Document/SysStsNtfctn/GrpHdr/CreDtTm" property="creDtTm"/>    
		<jb:value data="/Document/SysStsNtfctn/GrpHdr/InstgPty/InstgDrctPty" property="instgDrctPty"/>    
		<jb:value data="/Document/SysStsNtfctn/GrpHdr/InstgPty/InstgPty" property="instgIndrctPty"/>    
		<jb:value data="/Document/SysStsNtfctn/GrpHdr/InstdPty/InstdDrctPty" property="instdDrctPty"/>    
		<jb:value data="/Document/SysStsNtfctn/GrpHdr/InstdPty/InstdPty" property="instdIndrctPty"/>    
		<jb:value data="/Document/SysStsNtfctn/GrpHdr/SysCd" property="sysCd"/>    
		<jb:value data="/Document/SysStsNtfctn/GrpHdr/Rmk" property="rmk"/>    
		<jb:value data="/Document/SysStsNtfctn/SysStsInf/OrgnlSysDt" property="orgnlSysDt"/>    
		<jb:value data="/Document/SysStsNtfctn/SysStsInf/OrgnlSysSts" property="orgnlSysSts"/>    
		<jb:value data="/Document/SysStsNtfctn/SysStsInf/CurSysDt" property="curSysDt"/>    
		<jb:value data="/Document/SysStsNtfctn/SysStsInf/CurSysSts" property="curSysSts"/>    
		<jb:value data="/Document/SysStsNtfctn/SysStsInf/HldayFlg" property="hldayFlg"/>    
		<jb:value data="/Document/SysStsNtfctn/SysStsInf/NxtSysDt" property="nxtSysDt"/>    
		<jb:value data="/Document/SysStsNtfctn/SysStsInf/BkChngNb" property="bkChngNb"/>    
		<jb:value data="/Document/SysStsNtfctn/SysStsInf/BaseDataChngNb" property="baseDataChngNb"/>    
		<jb:value data="/Document/SysStsNtfctn/SysStsInf/CisChngNb" property="cISChngNb"/>    
		<jb:value data="/Document/SysStsNtfctn/SysStsInf/ParamChngNb" property="paramChngNb"/>    
	</jb:bean>
</smooks-resource-list>  
    
