<?xml version="1.0" encoding="ASCII"?>
<smooks-resource-list xmlns="http://www.milyn.org/xsd/smooks-1.1.xsd" xmlns:jb="http://www.milyn.org/xsd/smooks/javabean-1.2.xsd">
  <params>
    <param name="stream.filter.type">SAX</param>
    <param name="inputType">input.java</param>
    <param name="input.java" type="input.type.actived">com.topfinance.ebo.msg.Hvps71400101</param>
  </params>
  	<jb:bean beanId="txDwnldgReq.txDwnldgReqInf.txsDtls[0].xxx.orgnlGrpHdr" class="com.xml.cnaps2.hvps.v71400101.OrgnlGrpHdr1" createOnElement="com.topfinance.ebo.msg.Hvps71400101TxsDtls">
  				<jb:value data="orgnlMsgId"  property="orgnlMsgId"/>
  				<jb:value data="orgnlInstgDrctPty"  property="orgnlInstgPty"/>
  				<jb:value data="orgnlMT"  property="orgnlMT"/>
  	</jb:bean>
  	<jb:bean beanId="txDwnldgReq.grpHdr" class="com.xml.cnaps2.hvps.v71400101.GroupHeader1" createOnElement="com.topfinance.ebo.msg.Hvps71400101">
    	<jb:wiring beanIdRef="txDwnldgReq.grpHdr.instgPty" property="instgPty"/>
    	<jb:wiring beanIdRef="txDwnldgReq.grpHdr.instdPty" property="instdPty"/>
  				<jb:value data="msgId"  property="msgId"/>
  				<jb:value data="creDtTm" decoder="Date" property="creDtTm">
    				<jb:decodeParam name="format">yyyy-MM-dd HH:mm:ss.S z</jb:decodeParam>
					</jb:value>
  				<jb:value data="sysCd"  property="sysCd"/>
  				<jb:value data="rmk"  property="rmk"/>
  	</jb:bean>
  	<jb:bean beanId="txDwnldgReq.txDwnldgReqInf.txsDtls[0]" class="java.util.ArrayList" createOnElement="com.topfinance.ebo.msg.Hvps71400101/txsDtls">
    	<jb:wiring beanIdRef="txDwnldgReq.txDwnldgReqInf.txsDtls[0].xxx" />
  	</jb:bean>
  	<jb:bean beanId="txDwnldgReq.grpHdr.instgPty" class="com.xml.cnaps2.hvps.v71400101.InstgPty1" createOnElement="com.topfinance.ebo.msg.Hvps71400101">
  				<jb:value data="instgDrctPty"  property="instgDrctPty"/>
  				<jb:value data="instgIndrctPty"  property="instgPty"/>
  	</jb:bean>
  	<jb:bean beanId="target" class="com.xml.cnaps2.hvps.v71400101.Document" createOnElement="com.topfinance.ebo.msg.Hvps71400101">
    	<jb:wiring beanIdRef="txDwnldgReq" property="txDwnldgReq"/>
  	</jb:bean>
  	<jb:bean beanId="txDwnldgReq.txDwnldgReqInf" class="com.xml.cnaps2.hvps.v71400101.TxDwnldgReqInf1" createOnElement="com.topfinance.ebo.msg.Hvps71400101">
    	<jb:wiring beanIdRef="txDwnldgReq.txDwnldgReqInf.txsDtls[0]" property="txsDtls"/>
  				<jb:value data="nbOfTxs"  property="nbOfTxs"/>
  	</jb:bean>
  	<jb:bean beanId="txDwnldgReq.txDwnldgReqInf.txsDtls[0].xxx" class="com.xml.cnaps2.hvps.v71400101.TxsDtls1" createOnElement="com.topfinance.ebo.msg.Hvps71400101TxsDtls">
    	<jb:wiring beanIdRef="txDwnldgReq.txDwnldgReqInf.txsDtls[0].xxx.orgnlGrpHdr" property="orgnlGrpHdr"/>
  				<jb:value data="sndRcvTp"  property="sndRcvTp"/>
  	</jb:bean>
  	<jb:bean beanId="txDwnldgReq.grpHdr.instdPty" class="com.xml.cnaps2.hvps.v71400101.InstdPty1" createOnElement="com.topfinance.ebo.msg.Hvps71400101">
  				<jb:value data="instdDrctPty"  property="instdDrctPty"/>
  				<jb:value data="instdIndrctPty"  property="instdPty"/>
  	</jb:bean>
  	<jb:bean beanId="txDwnldgReq" class="com.xml.cnaps2.hvps.v71400101.TxDwnldgReqV01" createOnElement="com.topfinance.ebo.msg.Hvps71400101">
    	<jb:wiring beanIdRef="txDwnldgReq.grpHdr" property="grpHdr"/>
    	<jb:wiring beanIdRef="txDwnldgReq.txDwnldgReqInf" property="txDwnldgReqInf"/>
  	</jb:bean>
</smooks-resource-list>  
    
