<?xml version="1.0" encoding="ASCII"?>
<smooks-resource-list xmlns="http://www.milyn.org/xsd/smooks-1.1.xsd" xmlns:jb="http://www.milyn.org/xsd/smooks/javabean-1.2.xsd">
  <params>
    <param name="stream.filter.type">SAX</param>
    <param name="inputType">input.java</param>
    <param name="input.java" type="input.type.actived">com.topfinance.ebo.msg.Hvps71300101</param>
  </params>
  	<jb:bean beanId="target" class="com.xml.cnaps2.hvps.v71300101.Document" createOnElement="com.topfinance.ebo.msg.Hvps71300101">
    	<jb:wiring beanIdRef="dtlRspn" property="dtlRspn"/>
  	</jb:bean>
  	<jb:bean beanId="dtlRspn.dtlRspnInf.npcPrcInf" class="com.xml.cnaps2.hvps.v71300101.NPCPrcInf1" createOnElement="com.topfinance.ebo.msg.Hvps71300101">
  				<jb:value data="prcSts"  property="prcSts"/>
  				<jb:value data="prcCd"  property="prcCd"/>
  				<jb:value data="rjctInf"  property="rjctInf"/>
  				<jb:value data="netgDt" decoder="Date" property="netgDt">
    				<jb:decodeParam name="format">yyyy-MM-dd HH:mm:ss.S z</jb:decodeParam>
					</jb:value>
  				<jb:value data="netgRnd"  property="netgRnd"/>
  				<jb:value data="sttlmDt" decoder="Date" property="sttlmDt">
    				<jb:decodeParam name="format">yyyy-MM-dd HH:mm:ss.S z</jb:decodeParam>
					</jb:value>
  				<jb:value data="rcvTm" decoder="Date" property="rcvTm">
    				<jb:decodeParam name="format">yyyy-MM-dd HH:mm:ss.S z</jb:decodeParam>
					</jb:value>
  				<jb:value data="trnsmtTm" decoder="Date" property="trnsmtTm">
    				<jb:decodeParam name="format">yyyy-MM-dd HH:mm:ss.S z</jb:decodeParam>
					</jb:value>
  	</jb:bean>
  	<jb:bean beanId="dtlRspn.dtlRspnInf.dtls[0].xxx.sndgCtrlSum" class="com.xml.cnaps2.hvps.v71300101.ActiveCurrencyAndAmount" createOnElement="com.topfinance.ebo.msg.Hvps71300101Dtls">
  				<jb:value data="sndgCtrlSum" decoder="BigDecimal" property="value"/>
  	</jb:bean>
  	<jb:bean beanId="dtlRspn.grpHdr" class="com.xml.cnaps2.hvps.v71300101.GroupHeader1" createOnElement="com.topfinance.ebo.msg.Hvps71300101">
    	<jb:wiring beanIdRef="dtlRspn.grpHdr.instgPty" property="instgPty"/>
    	<jb:wiring beanIdRef="dtlRspn.grpHdr.instdPty" property="instdPty"/>
  				<jb:value data="msgId"  property="msgId"/>
  				<jb:value data="creDtTm" decoder="Date" property="creDtTm">
    				<jb:decodeParam name="format">yyyy-MM-dd HH:mm:ss.S z</jb:decodeParam>
					</jb:value>
  				<jb:value data="sysCd"  property="sysCd"/>
  				<jb:value data="rmk"  property="rmk"/>
  	</jb:bean>
  	<jb:bean beanId="dtlRspn.orgnlGrpHdr" class="com.xml.cnaps2.hvps.v71300101.OrgnlGrpHdr1" createOnElement="com.topfinance.ebo.msg.Hvps71300101">
  				<jb:value data="orgnlMsgId"  property="orgnlMsgId"/>
  				<jb:value data="orgnlInstgDrctPty"  property="orgnlInstgPty"/>
  				<jb:value data="orgnlMT"  property="orgnlMT"/>
  	</jb:bean>
  	<jb:bean beanId="dtlRspn.prttn" class="com.xml.cnaps2.hvps.v71300101.Prttn1" createOnElement="com.topfinance.ebo.msg.Hvps71300101">
  				<jb:value data="ttlNb"  property="ttlNb"/>
  				<jb:value data="startNb"  property="startNb"/>
  				<jb:value data="endNb"  property="endNb"/>
  	</jb:bean>
  	<jb:bean beanId="dtlRspn" class="com.xml.cnaps2.hvps.v71300101.DtlRspnV01" createOnElement="com.topfinance.ebo.msg.Hvps71300101">
    	<jb:wiring beanIdRef="dtlRspn.grpHdr" property="grpHdr"/>
    	<jb:wiring beanIdRef="dtlRspn.prttn" property="prttn"/>
    	<jb:wiring beanIdRef="dtlRspn.orgnlGrpHdr" property="orgnlGrpHdr"/>
    	<jb:wiring beanIdRef="dtlRspn.dtlRspnInf" property="dtlRspnInf"/>
  	</jb:bean>
  	<jb:bean beanId="dtlRspn.dtlRspnInf" class="com.xml.cnaps2.hvps.v71300101.DtlRspnInf1" createOnElement="com.topfinance.ebo.msg.Hvps71300101">
    	<jb:wiring beanIdRef="dtlRspn.dtlRspnInf.npcPrcInf" property="npcPrcInf"/>
    	<jb:wiring beanIdRef="dtlRspn.dtlRspnInf.dtls[0]" property="dtls"/>
  				<jb:value data="chckngDt" decoder="Date" property="chckDt">
    				<jb:decodeParam name="format">yyyy-MM-dd HH:mm:ss.S z</jb:decodeParam>
					</jb:value>
  				<jb:value data="ttlCnt"  property="ttlCnt"/>
  	</jb:bean>
  	<jb:bean beanId="dtlRspn.dtlRspnInf.dtls[0]" class="java.util.ArrayList" createOnElement="com.topfinance.ebo.msg.Hvps71300101/dtls">
    	<jb:wiring beanIdRef="dtlRspn.dtlRspnInf.dtls[0].xxx" />
  	</jb:bean>
  	<jb:bean beanId="dtlRspn.grpHdr.instgPty" class="com.xml.cnaps2.hvps.v71300101.InstgPty1" createOnElement="com.topfinance.ebo.msg.Hvps71300101">
  				<jb:value data="instgDrctPty"  property="instgDrctPty"/>
  				<jb:value data="instgIndrctPty"  property="instgPty"/>
  	</jb:bean>
  	<jb:bean beanId="dtlRspn.dtlRspnInf.dtls[0].xxx.rcvgCtrlSum" class="com.xml.cnaps2.hvps.v71300101.ActiveCurrencyAndAmount" createOnElement="com.topfinance.ebo.msg.Hvps71300101Dtls">
  				<jb:value data="rcvgCtrlSum" decoder="BigDecimal" property="value"/>
  	</jb:bean>
  	<jb:bean beanId="dtlRspn.grpHdr.instdPty" class="com.xml.cnaps2.hvps.v71300101.InstdPty1" createOnElement="com.topfinance.ebo.msg.Hvps71300101">
  				<jb:value data="instdDrctPty"  property="instdDrctPty"/>
  				<jb:value data="instdIndrctPty"  property="instdPty"/>
  	</jb:bean>
  	<jb:bean beanId="dtlRspn.dtlRspnInf.dtls[0].xxx" class="com.xml.cnaps2.hvps.v71300101.Dtls2" createOnElement="com.topfinance.ebo.msg.Hvps71300101Dtls">
    	<jb:wiring beanIdRef="dtlRspn.dtlRspnInf.dtls[0].xxx.sndgCtrlSum" property="sndgCtrlSum"/>
    	<jb:wiring beanIdRef="dtlRspn.dtlRspnInf.dtls[0].xxx.rcvgCtrlSum" property="rcvgCtrlSum"/>
    	<jb:wiring beanIdRef="dtlRspn.dtlRspnInf.dtls[0].xxx.chckngDtlOfSndg[0]" property="chckngDtlOfSndg"/>
    	<jb:wiring beanIdRef="dtlRspn.dtlRspnInf.dtls[0].xxx.chckngDtlOfRcvg[0]" property="chckngDtlOfRcvg"/>
  				<jb:value data="prtry"  property="txTpCd"/>
  				<jb:value data="sndgNbOfTxs"  property="sndgNbOfTxs"/>
  				<jb:value data="rcvgNbOfTxs"  property="rcvgNbOfTxs"/>
  	</jb:bean>
  	<jb:bean beanId="dtlRspn.dtlRspnInf.dtls[0].xxx.chckngDtlOfSndg[0]" class="java.util.ArrayList" createOnElement="com.topfinance.ebo.msg.Hvps71300101Dtls">
    	<jb:wiring beanIdRef="dtlRspn.dtlRspnInf.dtls[0].xxx.chckngDtlOfSndg[0].xxx" />
  	</jb:bean>
  	<jb:bean beanId="dtlRspn.dtlRspnInf.dtls[0].xxx.chckngDtlOfRcvg[0]" class="java.util.ArrayList" createOnElement="com.topfinance.ebo.msg.Hvps71300101Dtls">
    	<jb:wiring beanIdRef="dtlRspn.dtlRspnInf.dtls[0].xxx.chckngDtlOfRcvg[0].xxx" />
  	</jb:bean>

  	<jb:bean beanId="dtlRspn.dtlRspnInf.dtls[0].xxx.chckngDtlOfSndg[0].xxx" class="com.xml.cnaps2.hvps.v71300101.SndgAndRcvg1" createOnElement="com.topfinance.ebo.msg.Hvps71300101SndgChckngDtl">
		<jb:wiring beanIdRef="dtlRspn.dtlRspnInf.dtls[0].xxx.chckngDtlOfSndg[0].xxx.orgnlGrpHdr" property="orgnlGrpHdr"/>
		<jb:wiring beanIdRef="dtlRspn.dtlRspnInf.dtls[0].xxx.chckngDtlOfSndg[0].xxx.amt" property="amt"/>
		<jb:value data="bizSenPrcSts" property="prcSts"/>
  	</jb:bean>
	<jb:bean beanId="dtlRspn.dtlRspnInf.dtls[0].xxx.chckngDtlOfSndg[0].xxx.orgnlGrpHdr" class="com.xml.cnaps2.hvps.v71300101.OrgnlGrpHdr1" createOnElement="com.topfinance.ebo.msg.Hvps71300101SndgChckngDtl">
		<jb:value data="bizSenOrgnlMsgId" property="orgnlMsgId"/>
		<jb:value data="bizSenOrgnlInstgDrctPty" property="orgnlInstgPty"/>
		<jb:value data="bizSenOrgnlMT" property="orgnlMT"/>
  	</jb:bean>
	<jb:bean beanId="dtlRspn.dtlRspnInf.dtls[0].xxx.chckngDtlOfSndg[0].xxx.amt" class="com.xml.cnaps2.hvps.v71300101.ActiveCurrencyAndAmount" createOnElement="com.topfinance.ebo.msg.Hvps71300101SndgChckngDtl">
  		<jb:value data="bizSenAmt" decoder="BigDecimal" property="value"/>
  	</jb:bean>

  	<jb:bean beanId="dtlRspn.dtlRspnInf.dtls[0].xxx.chckngDtlOfRcvg[0].xxx" class="com.xml.cnaps2.hvps.v71300101.SndgAndRcvg1" createOnElement="com.topfinance.ebo.msg.Hvps71300101RcvgChckngDtl">
		<jb:wiring beanIdRef="dtlRspn.dtlRspnInf.dtls[0].xxx.chckngDtlOfRcvg[0].xxx.orgnlGrpHdr" property="orgnlGrpHdr"/>
		<jb:wiring beanIdRef="dtlRspn.dtlRspnInf.dtls[0].xxx.chckngDtlOfRcvg[0].xxx.amt" property="amt"/>
		<jb:value data="bizRecPrcSts" property="prcSts"/>
  	</jb:bean>
	<jb:bean beanId="dtlRspn.dtlRspnInf.dtls[0].xxx.chckngDtlOfRcvg[0].xxx.orgnlGrpHdr" class="com.xml.cnaps2.hvps.v71300101.OrgnlGrpHdr1" createOnElement="com.topfinance.ebo.msg.Hvps71300101RcvgChckngDtl">
		<jb:value data="bizRecOrgnlMsgId" property="orgnlMsgId"/>
		<jb:value data="bizRecOrgnlInstgDrctPty" property="orgnlInstgPty"/>
		<jb:value data="bizRecOrgnlMT" property="orgnlMT"/>
  	</jb:bean>
	<jb:bean beanId="dtlRspn.dtlRspnInf.dtls[0].xxx.chckngDtlOfRcvg[0].xxx.amt" class="com.xml.cnaps2.hvps.v71300101.ActiveCurrencyAndAmount" createOnElement="com.topfinance.ebo.msg.Hvps71300101RcvgChckngDtl">
  		<jb:value data="bizRecAmt" decoder="BigDecimal" property="value"/>
  	</jb:bean>
</smooks-resource-list>  
    
