<?xml version="1.0" encoding="ASCII"?>
<smooks-resource-list xmlns="http://www.milyn.org/xsd/smooks-1.1.xsd" xmlns:jb="http://www.milyn.org/xsd/smooks/javabean-1.2.xsd">
  <params>
    <param name="stream.filter.type">SAX</param>
    <param name="inputType">input.xsd</param>
    <param name="input.xsd.rootElement">Document</param>
    <param name="input.xsd" type="input.type.actived">File:/E:/DevSpace/bc2/sample/Schema/saps.374.001.01.xsd</param>
  </params>
  <jb:bean beanId="target" class="com.topfinance.ebo.msg.Saps37400101" createOnElement="Document">
		<jb:value data="/Document/IntrBkLnMgmtAppl/GrpHdr/MsgId" property="msgId"/>    
		<jb:value data="/Document/IntrBkLnMgmtAppl/GrpHdr/CreDtTm" property="creDtTm"/>    
		<jb:value data="/Document/IntrBkLnMgmtAppl/GrpHdr/InstgPty/InstgDrctPty" property="instgDrctPty"/>    
		<jb:value data="/Document/IntrBkLnMgmtAppl/GrpHdr/InstgPty/InstgPty" property="instgIndrctPty"/>    
		<jb:value data="/Document/IntrBkLnMgmtAppl/GrpHdr/InstdPty/InstdDrctPty" property="instdDrctPty"/>    
		<jb:value data="/Document/IntrBkLnMgmtAppl/GrpHdr/InstdPty/InstdPty" property="instdIndrctPty"/>    
		<jb:value data="/Document/IntrBkLnMgmtAppl/GrpHdr/SysCd" property="sysCd"/>    
		<jb:value data="/Document/IntrBkLnMgmtAppl/GrpHdr/Rmk" property="rmk"/>    
		<jb:value data="/Document/IntrBkLnMgmtAppl/IntrBkLnMgmtApplInf/Cdtr" property="cdtr"/>    
		<jb:value data="/Document/IntrBkLnMgmtAppl/IntrBkLnMgmtApplInf/Dbtr" property="dbtr"/>    
		<jb:value data="/Document/IntrBkLnMgmtAppl/IntrBkLnMgmtApplInf/IntrBkLnMgmtTp" property="intrBkLnMgmtTp"/>    
		<jb:value data="/Document/IntrBkLnMgmtAppl/IntrBkLnMgmtApplInf/PrtcolNb" property="prtcolNb"/>    
		<jb:value data="/Document/IntrBkLnMgmtAppl/IntrBkLnMgmtApplInf/IntrBkLnLwrLmt" property="intrBkLnLwrLmt"/>    
		<jb:value data="/Document/IntrBkLnMgmtAppl/IntrBkLnMgmtApplInf/IntrBkLnUpperLmt" property="intrBkLnUpperLmt"/>    
		<jb:value data="/Document/IntrBkLnMgmtAppl/IntrBkLnMgmtApplInf/PrtcolFctvDt" property="prtcolFctvDt"/>    
		<jb:value data="/Document/IntrBkLnMgmtAppl/IntrBkLnMgmtApplInf/PrtcolXprtnDt" property="prtcolXprtnDt"/>    
		<jb:value data="/Document/IntrBkLnMgmtAppl/IntrBkLnMgmtApplInf/Amt" property="amt"/>    
	</jb:bean>
</smooks-resource-list>  
    
