<?xml version="1.0" encoding="ASCII"?>
<smooks-resource-list xmlns="http://www.milyn.org/xsd/smooks-1.1.xsd" xmlns:jb="http://www.milyn.org/xsd/smooks/javabean-1.2.xsd">
  <params>
    <param name="stream.filter.type">SAX</param>
    <param name="inputType">input.xsd</param>
    <param name="input.xsd.rootElement">Document</param>
    <param name="input.xsd" type="input.type.actived">File:/E:/DevSpace/bc2/sample/Schema/saps.370.001.01.xsd</param>
  </params>
  <jb:bean beanId="target" class="com.topfinance.ebo.msg.Saps37000101" createOnElement="Document">
		<jb:value data="/Document/AcctOpngAppl/GrpHdr/MsgId" property="msgId"/>    
		<jb:value data="/Document/AcctOpngAppl/GrpHdr/CreDtTm" property="creDtTm"/>    
		<jb:value data="/Document/AcctOpngAppl/GrpHdr/InstgPty/InstgDrctPty" property="instgDrctPty"/>    
		<jb:value data="/Document/AcctOpngAppl/GrpHdr/InstgPty/InstgPty" property="instgIndrctPty"/>    
		<jb:value data="/Document/AcctOpngAppl/GrpHdr/InstdPty/InstdDrctPty" property="instdDrctPty"/>    
		<jb:value data="/Document/AcctOpngAppl/GrpHdr/InstdPty/InstdPty" property="instdIndrctPty"/>    
		<jb:value data="/Document/AcctOpngAppl/GrpHdr/SysCd" property="sysCd"/>    
		<jb:value data="/Document/AcctOpngAppl/GrpHdr/Rmk" property="rmk"/>    
		<jb:value data="/Document/AcctOpngAppl/AcctOpngApplInf/MmbId" property="mmbId"/>    
		<jb:value data="/Document/AcctOpngAppl/AcctOpngApplInf/Nm" property="nm"/>    
		<jb:value data="/Document/AcctOpngAppl/AcctOpngApplInf/PtyCtgy" property="ptyCtgy"/>    
		<jb:value data="/Document/AcctOpngAppl/AcctOpngApplInf/Bal" property="bal"/>    
		<jb:value data="/Document/AcctOpngAppl/AcctOpngApplInf/RstrctAmtLwrLmt" property="rstrctAmtLwrLmt"/>    
	</jb:bean>
</smooks-resource-list>  
    
