<?xml version="1.0" encoding="ASCII"?>
<smooks-resource-list xmlns="http://www.milyn.org/xsd/smooks-1.1.xsd" xmlns:jb="http://www.milyn.org/xsd/smooks/javabean-1.2.xsd">
  <params>
    <param name="stream.filter.type">SAX</param>
    <param name="inputType">input.xsd</param>
    <param name="input.xsd.rootElement">Document</param>
    <param name="input.xsd" type="input.type.actived">File:/E:/DevSpace/bc2/sample/Schema/saps.372.001.01.xsd</param>
  </params>
  <jb:bean beanId="target" class="com.topfinance.ebo.msg.Saps37200101" createOnElement="Document">
		<jb:value data="/Document/AcctMgmtNtfctn/GrpHdr/MsgId" property="msgId"/>    
		<jb:value data="/Document/AcctMgmtNtfctn/GrpHdr/CreDtTm" property="creDtTm"/>    
		<jb:value data="/Document/AcctMgmtNtfctn/GrpHdr/InstgPty/InstgDrctPty" property="instgDrctPty"/>    
		<jb:value data="/Document/AcctMgmtNtfctn/GrpHdr/InstgPty/InstgPty" property="instgIndrctPty"/>    
		<jb:value data="/Document/AcctMgmtNtfctn/GrpHdr/InstdPty/InstdDrctPty" property="instdDrctPty"/>    
		<jb:value data="/Document/AcctMgmtNtfctn/GrpHdr/InstdPty/InstdPty" property="instdIndrctPty"/>    
		<jb:value data="/Document/AcctMgmtNtfctn/GrpHdr/SysCd" property="sysCd"/>    
		<jb:value data="/Document/AcctMgmtNtfctn/GrpHdr/Rmk" property="rmk"/>    
		<jb:value data="/Document/AcctMgmtNtfctn/AcctMgmtNtfctnInf/NtfctnTp" property="ntfctnTp"/>    
		<jb:value data="/Document/AcctMgmtNtfctn/NtfctnCntt/SttlmAcctSts/MmbId" property="ntMmbId"/>    
		<jb:value data="/Document/AcctMgmtNtfctn/NtfctnCntt/SttlmAcctSts/PtyCtgy" property="ptyCtgy"/>    
		<jb:value data="/Document/AcctMgmtNtfctn/NtfctnCntt/SttlmAcctSts/FctvDt" property="ntFctvDt"/>    
		<jb:value data="/Document/AcctMgmtNtfctn/NtfctnCntt/SttlmAcctSts/AcctSts" property="acctSts"/>    
		<jb:value data="/Document/AcctMgmtNtfctn/NtfctnCntt/SttlmAcctSts/Bal" property="bal"/>    
		<jb:value data="/Document/AcctMgmtNtfctn/NtfctnCntt/SttlmAcctSts/RstrctAmtLwrLmt" property="rstrctAmtLwrLmt"/>    
		<jb:value data="/Document/AcctMgmtNtfctn/NtfctnCntt/AcctMntncAppl/MmbId" property="netMmbId"/>    
		<jb:value data="/Document/AcctMgmtNtfctn/NtfctnCntt/AcctMntncAppl/Nm" property="nm"/>    
		<jb:value data="/Document/AcctMgmtNtfctn/NtfctnCntt/AcctMntncAppl/OverdrftUpperLmt" property="overdrftUpperLmt"/>    
		<jb:value data="/Document/AcctMgmtNtfctn/NtfctnCntt/AcctMntncAppl/RstrctAmtLwrLmt" property="ntRstrctAmtLwrLmt"/>    
		<jb:value data="/Document/AcctMgmtNtfctn/NtfctnCntt/AcctMntncAppl/DbtRstrctSetng" property="dbtRstrctSetng"/>    
		<jb:value data="/Document/AcctMgmtNtfctn/NtfctnCntt/AcctMntncAppl/CdtRstrctSetng" property="cdtRstrctSetng"/>    
		<jb:value data="/Document/AcctMgmtNtfctn/NtfctnCntt/FndsOfPoolMgmt/FctvDt" property="fctvDt"/>    
		<jb:value data="/Document/AcctMgmtNtfctn/NtfctnCntt/FndsOfPoolMgmt/SwtchTp" property="swtchPoolTp"/>    
		<jb:value data="/Document/AcctMgmtNtfctn/NtfctnCntt/AmtWrngSetng/SwtchTp" property="swtchTp"/>    
		<jb:value data="/Document/AcctMgmtNtfctn/NtfctnCntt/AmtWrngSetng/MmbId" property="wtchMmbId"/>    
		<jb:value data="/Document/AcctMgmtNtfctn/NtfctnCntt/AmtWrngSetng/AvlblWrngVal" property="avlblWrngVal"/>    
		<jb:value data="/Document/AcctMgmtNtfctn/NtfctnCntt/AmtWrngSetng/WrngPlusMnsTp" property="wrngPlusMnsTp"/>    
		<jb:value data="/Document/AcctMgmtNtfctn/NtfctnCntt/PldgFincgIdMdl/MmbId" property="mmbId"/>    
		<jb:value data="/Document/AcctMgmtNtfctn/NtfctnCntt/PldgFincgIdMdl/PldgFincgId" property="pldgFincgId"/>    
		<jb:value data="/Document/AcctMgmtNtfctn/NtfctnCntt/PldgFincgIdMdl/StartingPt" property="startingPt"/>    
		<jb:value data="/Document/AcctMgmtNtfctn/NtfctnCntt/PrtcolSts/Dbtr" property="dbtr"/>    
		<jb:value data="/Document/AcctMgmtNtfctn/NtfctnCntt/PrtcolSts/Cdtr" property="cdtr"/>    
		<jb:value data="/Document/AcctMgmtNtfctn/NtfctnCntt/PrtcolSts/PrtcolNb" property="prtcolNb"/>    
		<jb:value data="/Document/AcctMgmtNtfctn/NtfctnCntt/PrtcolSts/FctvId" property="fctvId"/>    
	</jb:bean>
</smooks-resource-list>  
    
