<?xml version="1.0" encoding="ASCII"?>
<smooks-resource-list xmlns="http://www.milyn.org/xsd/smooks-1.1.xsd" xmlns:jb="http://www.milyn.org/xsd/smooks/javabean-1.2.xsd">
  <params>
    <param name="stream.filter.type">SAX</param>
    <param name="inputType">input.java</param>
    <param name="input.java" type="input.type.actived">com.topfinance.ebo.msg.Saps36300101</param>
  </params>
  	<jb:bean beanId="target" class="com.xml.cnaps2.saps.v36300101.Document" createOnElement="com.topfinance.ebo.msg.Saps36300101">
    	<jb:wiring beanIdRef="qQryAppl" property="qQryAppl"/>
  	</jb:bean>
  	<jb:bean beanId="qQryAppl.grpHdr" class="com.xml.cnaps2.saps.v36300101.GroupHeader1" createOnElement="com.topfinance.ebo.msg.Saps36300101">
    	<jb:wiring beanIdRef="qQryAppl.grpHdr.instgPty" property="instgPty"/>
    	<jb:wiring beanIdRef="qQryAppl.grpHdr.instdPty" property="instdPty"/>
  		<jb:value data="/com.topfinance.ebo.msg.Saps36300101/msgId"  property="msgId"/>
  		<jb:value data="/com.topfinance.ebo.msg.Saps36300101/creDtTm"  property="creDtTm"/>
  		<jb:value data="/com.topfinance.ebo.msg.Saps36300101/sysCd"  property="sysCd"/>
  		<jb:value data="/com.topfinance.ebo.msg.Saps36300101/rmk"  property="rmk"/>
  	</jb:bean>
  	<jb:bean beanId="qQryAppl.qQryApplInf" class="com.xml.cnaps2.saps.v36300101.QueueQueryApplicationInformation1" createOnElement="com.topfinance.ebo.msg.Saps36300101">
  		<jb:value data="/com.topfinance.ebo.msg.Saps36300101/qryTp"  property="qryTp"/>
  		<jb:value data="/com.topfinance.ebo.msg.Saps36300101/mgrId"  property="mgrId"/>
  	</jb:bean>
  	<jb:bean beanId="qQryAppl.grpHdr.instgPty" class="com.xml.cnaps2.saps.v36300101.InstgPty1" createOnElement="com.topfinance.ebo.msg.Saps36300101">
  		<jb:value data="/com.topfinance.ebo.msg.Saps36300101/instgDrctPty"  property="instgDrctPty"/>
  		<jb:value data="/com.topfinance.ebo.msg.Saps36300101/instgIndrctPty"  property="instgPty"/>
  	</jb:bean>
  	<jb:bean beanId="qQryAppl" class="com.xml.cnaps2.saps.v36300101.QQryApplV01" createOnElement="com.topfinance.ebo.msg.Saps36300101">
    	<jb:wiring beanIdRef="qQryAppl.grpHdr" property="grpHdr"/>
    	<jb:wiring beanIdRef="qQryAppl.qQryApplInf" property="qQryApplInf"/>
  	</jb:bean>
  	<jb:bean beanId="qQryAppl.grpHdr.instdPty" class="com.xml.cnaps2.saps.v36300101.InstdPty1" createOnElement="com.topfinance.ebo.msg.Saps36300101">
  		<jb:value data="/com.topfinance.ebo.msg.Saps36300101/instdDrctPty"  property="instdDrctPty"/>
  		<jb:value data="/com.topfinance.ebo.msg.Saps36300101/instdIndrctPty"  property="instdPty"/>
  	</jb:bean>
</smooks-resource-list>  
    
