<?xml version="1.0" encoding="ASCII"?>
<smooks-resource-list xmlns="http://www.milyn.org/xsd/smooks-1.1.xsd" xmlns:jb="http://www.milyn.org/xsd/smooks/javabean-1.2.xsd">
  <params>
    <param name="stream.filter.type">SAX</param>
    <param name="inputType">input.xsd</param>
    <param name="input.xsd.rootElement">Document</param>
    <param name="input.xsd" type="input.type.actived">File:/E:/DevSpace/bc2/sample/Schema/saps.362.001.01.xsd</param>
  </params>
  <jb:bean beanId="target" class="com.topfinance.ebo.msg.Saps36200101" createOnElement="Document">
		<jb:value data="/Document/BalWrngNtfctn/GrpHdr/InstgPty/InstgPty" property="instgIndrctPty"/>    
		<jb:value data="/Document/BalWrngNtfctn/GrpHdr/InstdPty/InstdDrctPty" property="instdDrctPty"/>    
		<jb:value data="/Document/BalWrngNtfctn/GrpHdr/InstdPty/InstdPty" property="instdIndrctPty"/>    
		<jb:value data="/Document/BalWrngNtfctn/GrpHdr/SysCd" property="sysCd"/>    
		<jb:value data="/Document/BalWrngNtfctn/GrpHdr/Rmk" property="rmk"/>    
		<jb:value data="/Document/BalWrngNtfctn/BalWrngNtfctnInf/MmbId" property="mmbId"/>    
		<jb:value data="/Document/BalWrngNtfctn/BalWrngNtfctnInf/WrngTp" property="wrngTp"/>    
		<jb:value data="/Document/BalWrngNtfctn/BalWrngNtfctnInf/WrngVal" property="wrngVal"/>    
		<jb:value data="/Document/BalWrngNtfctn/BalWrngNtfctnInf/WrngPlusMnsTp" property="wrngPlusMnsTp"/>    
		<jb:value data="/Document/BalWrngNtfctn/BalWrngNtfctnInf/CurBal" property="curBal"/>    
		<jb:value data="/Document/BalWrngNtfctn/BalWrngNtfctnInf/PlusMnsTp" property="plusMnsTp"/>    
		<jb:value data="/Document/BalWrngNtfctn/GrpHdr/MsgId" property="msgId"/>    
		<jb:value data="/Document/BalWrngNtfctn/GrpHdr/CreDtTm" decoder="Date" property="creDtTm">    
					<jb:decodeParam name="format">yyyy-MM-dd'T'HH:mm:ss</jb:decodeParam>
		</jb:value> 
		<jb:value data="/Document/BalWrngNtfctn/GrpHdr/InstgPty/InstgDrctPty" property="instgDrctPty"/>    
	</jb:bean>
</smooks-resource-list>  
    
