<simpleMappingRule targetName="com.topfinance.transform.util.IsoObj">
   <mappings class="java.util.ArrayList">
      <mapping srcPath="cdtrNm" mode="" targetPath="f99"/>
      <mapping srcPath="creDtTm" mode="" targetPath="f81" targetType="ISODATE" srcType="JAVADATE"/>
      <mapping srcPath="cdtrAcctId" mode="" targetPath="f100"/>
      <mapping srcPath="endToEndId" mode="" targetPath="f84"/>
      <mapping srcPath="msgId" mode="" targetPath="f128"/>
      <mapping srcPath="dbtrAcctId" mode="" targetPath="f93"/>
      <mapping srcPath="dbtrClrSysMmbId" mode="" targetPath="f95"/>
      <mapping srcPath="cdtrAgtBrnchId" mode="" targetPath="f98"/>
      <mapping srcPath="chrgBr" value="DEBT" mode="" targetPath="f91"/>
      <mapping srcPath="txId" mode="" targetPath="f85"/>
      <mapping srcPath="bizTcCd" mode="" targetPath="f102"/>
      <mapping srcPath="nbOfTxs" value="1" mode="" targetPath="f82"/>
      <mapping srcPath="cdtrClrSysMmbId" mode="" targetPath="f95"/>
      <mapping srcPath="settlementMethod" value="CLRG" mode="" targetPath="f83"/>
      <mapping srcPath="dbtrAcctIssr" mode="" targetPath="f94"/>
      <mapping srcPath="dbtrAgtBrnchId" mode="" targetPath="f96"/>
      <mapping srcPath="dbtrNm" mode="" targetPath="f92"/>
      <mapping srcPath="sttlmPrty" mode="" targetPath="f90"/>
      <mapping srcPath="bizTpCd" mode="" targetPath="f86"/>
   </mappings>
</simpleMappingRule>