<?xml version="1.0" encoding="UTF-8"?><smooks-resource-list xmlns="http://www.milyn.org/xsd/smooks-1.1.xsd" xmlns:jb="http://www.milyn.org/xsd/smooks/javabean-1.2.xsd">
  <params>
    <param name="stream.filter.type">SAX</param>
    <param name="inputType">input.java</param>
    <param name="input.java" type="input.type.actived">com.topfinance.transform.util.IsoObj</param>
  </params>
  <jb:bean beanId="target" class="com.topfinance.ebo.msg.Ibps10200101" createOnElement="com.topfinance.transform.util.IsoObj">
 		<jb:value data="/com.topfinance.transform.util.IsoObj/f128"  property="grpHdrMsgId"/>
 		<jb:value data="/com.topfinance.transform.util.IsoObj/f81" decoder="com.topfinance.smooks.IsoDateDecoder"  property="creDtTm"/>
 		<jb:value data="/com.topfinance.transform.util.IsoObj/f82"  property="orgnlMsgId"/>
 		<jb:value data="/com.topfinance.transform.util.IsoObj/f83"  property="orgnlMsgNmId"/>
 		<jb:value data="/com.topfinance.transform.util.IsoObj/f84"  property="addtlInf"/>
 		<jb:value data="/com.topfinance.transform.util.IsoObj/f85"  property="txInfAndStsStsId"/>
 		<jb:value data="/com.topfinance.transform.util.IsoObj/f86"  property="orgnlEndToEndId"/>
 		<jb:value data="/com.topfinance.transform.util.IsoObj/f87"  property="orgnlTxId"/>
 		<jb:value data="/com.topfinance.transform.util.IsoObj/f88"  property="rsnPrtry"/>
 		<jb:value data="/com.topfinance.transform.util.IsoObj/f89"  property="intrBkSttlmAmtValue"/>
 		<jb:value data="/com.topfinance.transform.util.IsoObj/f90"  property="intrBkSttlmAmtCcy"/>
 		<jb:value data="/com.topfinance.transform.util.IsoObj/f91"  property="instrPrty"/>
 		<jb:value data="/com.topfinance.transform.util.IsoObj/f92"  property="ctgyPurpPrtry"/>
 		<jb:value data="/com.topfinance.transform.util.IsoObj/f93"  property="dbtrNm"/>
 		<jb:value data="/com.topfinance.transform.util.IsoObj/f94"  property="dbtrAcctIdOthrId"/>
 		<jb:value data="/com.topfinance.transform.util.IsoObj/f95"  property="dbtrAcctIdOthrIssr"/>
 		<jb:value data="/com.topfinance.transform.util.IsoObj/f96"  property="tpPrtry"/>
 		<jb:value data="/com.topfinance.transform.util.IsoObj/f97"  property="clrSysMmbIdMmbId"/>
 		<jb:value data="/com.topfinance.transform.util.IsoObj/f98"  property="brnchIdId"/>
 		<jb:value data="/com.topfinance.transform.util.IsoObj/f99"  property="clrSysMmbIdMmbId1"/>
 		<jb:value data="/com.topfinance.transform.util.IsoObj/f100"  property="brnchIdId1"/>
 		<jb:value data="/com.topfinance.transform.util.IsoObj/f101"  property="ctrySubDvsn"/>
 		<jb:value data="/com.topfinance.transform.util.IsoObj/f102"  property="cdtrNm"/>
 		<jb:value data="/com.topfinance.transform.util.IsoObj/f103"  property="emailAdr"/>
 		<jb:value data="/com.topfinance.transform.util.IsoObj/f104"  property="cdtrAcctIdOthrId"/>
 		<jb:value data="/com.topfinance.transform.util.IsoObj/f105"  property="cdtrAcctIdOthrIssr"/>
 		<jb:value data="/com.topfinance.transform.util.IsoObj/f106"  property="tpPrtry1"/>
	</jb:bean>
</smooks-resource-list>  
    
