128=fiToFICstmrCdtTrf.grpHdr.msgId

81=fiToFICstmrCdtTrf.grpHdr.creDtTm

82=fiToFICstmrCdtTrf.grpHdr.btchBookg

83=fiToFICstmrCdtTrf.grpHdr.nbOfTxs

84=fiToFICstmrCdtTrf.grpHdr.ctrlSum

85=fiToFICstmrCdtTrf.grpHdr.intrBkSttlmDt

86=fiToFICstmrCdtTrf.grpHdr.sttlmInf.sttlmMtd

87=fiToFICstmrCdtTrf.cdtTrfTxInf[0].pmtId.endToEndId

88=fiToFICstmrCdtTrf.cdtTrfTxInf[0].pmtId.txId

89=fiToFICstmrCdtTrf.cdtTrfTxInf[0].pmtTpInf.instrPrty

90=fiToFICstmrCdtTrf.cdtTrfTxInf[0].pmtTpInf.ctgyPurp.prtry

91=fiToFICstmrCdtTrf.cdtTrfTxInf[0].intrBkSttlmAmt.value

92=fiToFICstmrCdtTrf.cdtTrfTxInf[0].intrBkSttlmAmt.ccy

93=fiToFICstmrCdtTrf.cdtTrfTxInf[0].accptncDtTm

94=fiToFICstmrCdtTrf.cdtTrfTxInf[0].chrgBr

95=fiToFICstmrCdtTrf.cdtTrfTxInf[0].dbtr.nm

96=fiToFICstmrCdtTrf.cdtTrfTxInf[0].dbtr.ctctDtls.emailAdr

97=fiToFICstmrCdtTrf.cdtTrfTxInf[0].dbtrAcct.id.othr.id

98=fiToFICstmrCdtTrf.cdtTrfTxInf[0].dbtrAcct.id.othr.issr

99=fiToFICstmrCdtTrf.cdtTrfTxInf[0].dbtrAcct.tp.prtry

100=fiToFICstmrCdtTrf.cdtTrfTxInf[0].dbtrAgt.finInstnId.clrSysMmbId.mmbId

101=fiToFICstmrCdtTrf.cdtTrfTxInf[0].dbtrAgt.brnchId.id

102=fiToFICstmrCdtTrf.cdtTrfTxInf[0].dbtrAgt.brnchId.pstlAdr.ctrySubDvsn

103=fiToFICstmrCdtTrf.cdtTrfTxInf[0].cdtrAgt.finInstnId.clrSysMmbId.mmbId

104=fiToFICstmrCdtTrf.cdtTrfTxInf[0].cdtrAgt.brnchId.id

105=fiToFICstmrCdtTrf.cdtTrfTxInf[0].cdtr.nm

106=fiToFICstmrCdtTrf.cdtTrfTxInf[0].cdtrAcct.id.othr.id

107=fiToFICstmrCdtTrf.cdtTrfTxInf[0].purp.prtry

108=fiToFICstmrCdtTrf.cdtTrfTxInf[0].rmtInf.ustrd[0]

