bkToCstmrDbtCdtNtfctn.grpHdr.msgId=ISO[128]

bkToCstmrDbtCdtNtfctn.grpHdr.creDtTm=ISO[81]

bkToCstmrDbtCdtNtfctn.grpHdr.msgRcpt.ctctDtls.emailAdr=ISO[82]

bkToCstmrDbtCdtNtfctn.grpHdr.addtlInf=ISO[83]

bkToCstmrDbtCdtNtfctn.ntfctn[0].id=ISO[84]

bkToCstmrDbtCdtNtfctn.ntfctn[0].creDtTm=ISO[85]

bkToCstmrDbtCdtNtfctn.ntfctn[0].rptgSrc.prtry=ISO[86]

bkToCstmrDbtCdtNtfctn.ntfctn[0].acct.id.othr.id=ISO[87]

bkToCstmrDbtCdtNtfctn.ntfctn[0].rltdAcct.id.othr.id=ISO[88]

bkToCstmrDbtCdtNtfctn.ntfctn[0].ntry[0].amt.value=ISO[89]

bkToCstmrDbtCdtNtfctn.ntfctn[0].ntry[0].amt.ccy=ISO[90]

bkToCstmrDbtCdtNtfctn.ntfctn[0].ntry[0].cdtDbtInd=ISO[91]

bkToCstmrDbtCdtNtfctn.ntfctn[0].ntry[0].sts=ISO[92]

bkToCstmrDbtCdtNtfctn.ntfctn[0].ntry[0].bookgDt.dt=ISO[93]

bkToCstmrDbtCdtNtfctn.ntfctn[0].ntry[0].bkTxCd.domn.cd=ISO[94]

bkToCstmrDbtCdtNtfctn.ntfctn[0].ntry[0].bkTxCd.domn.fmly.cd=ISO[95]

bkToCstmrDbtCdtNtfctn.ntfctn[0].ntry[0].bkTxCd.domn.fmly.subFmlyCd=ISO[96]

bkToCstmrDbtCdtNtfctn.ntfctn[0].ntry[0].amtDtls.instdAmt.amt.value=ISO[97]

bkToCstmrDbtCdtNtfctn.ntfctn[0].ntry[0].amtDtls.instdAmt.amt.ccy=ISO[98]

bkToCstmrDbtCdtNtfctn.ntfctn[0].ntry[0].ntryDtls[0].txDtls[0].refs.clrSysRef=ISO[99]

bkToCstmrDbtCdtNtfctn.ntfctn[0].ntry[0].ntryDtls[0].txDtls[0].rltdPties.dbtr.nm=ISO[100]

bkToCstmrDbtCdtNtfctn.ntfctn[0].ntry[0].ntryDtls[0].txDtls[0].rltdPties.dbtrAcct.id.othr.id=ISO[101]

bkToCstmrDbtCdtNtfctn.ntfctn[0].ntry[0].ntryDtls[0].txDtls[0].rltdPties.dbtrAcct.id.othr.issr=ISO[102]

bkToCstmrDbtCdtNtfctn.ntfctn[0].ntry[0].ntryDtls[0].txDtls[0].rltdPties.dbtrAcct.tp.prtry=ISO[103]

