fiToFIPmtStsRpt.grpHdr.msgId=ISO[128]

fiToFIPmtStsRpt.grpHdr.creDtTm=ISO[81]

fiToFIPmtStsRpt.orgnlGrpInfAndSts.orgnlMsgId=ISO[82]

fiToFIPmtStsRpt.orgnlGrpInfAndSts.orgnlMsgNmId=ISO[83]

fiToFIPmtStsRpt.orgnlGrpInfAndSts.stsRsnInf[0].addtlInf[0]=ISO[84]

fiToFIPmtStsRpt.txInfAndSts[0].stsId=ISO[85]

fiToFIPmtStsRpt.txInfAndSts[0].orgnlEndToEndId=ISO[86]

fiToFIPmtStsRpt.txInfAndSts[0].orgnlTxId=ISO[87]

fiToFIPmtStsRpt.txInfAndSts[0].stsRsnInf[0].rsn.prtry=ISO[88]

fiToFIPmtStsRpt.txInfAndSts[0].orgnlTxRef.intrBkSttlmAmt.value=ISO[89]

fiToFIPmtStsRpt.txInfAndSts[0].orgnlTxRef.intrBkSttlmAmt.ccy=ISO[90]

fiToFIPmtStsRpt.txInfAndSts[0].orgnlTxRef.pmtTpInf.instrPrty=ISO[91]

fiToFIPmtStsRpt.txInfAndSts[0].orgnlTxRef.pmtTpInf.ctgyPurp.prtry=ISO[92]

fiToFIPmtStsRpt.txInfAndSts[0].orgnlTxRef.dbtr.nm=ISO[93]

fiToFIPmtStsRpt.txInfAndSts[0].orgnlTxRef.dbtrAcct.id.othr.id=ISO[94]

fiToFIPmtStsRpt.txInfAndSts[0].orgnlTxRef.dbtrAcct.id.othr.issr=ISO[95]

fiToFIPmtStsRpt.txInfAndSts[0].orgnlTxRef.dbtrAcct.tp.prtry=ISO[96]

fiToFIPmtStsRpt.txInfAndSts[0].orgnlTxRef.dbtrAgt.finInstnId.clrSysMmbId.mmbId=ISO[97]

fiToFIPmtStsRpt.txInfAndSts[0].orgnlTxRef.dbtrAgt.brnchId.id=ISO[98]

fiToFIPmtStsRpt.txInfAndSts[0].orgnlTxRef.cdtrAgt.finInstnId.clrSysMmbId.mmbId=ISO[99]

fiToFIPmtStsRpt.txInfAndSts[0].orgnlTxRef.cdtrAgt.brnchId.id=ISO[100]

fiToFIPmtStsRpt.txInfAndSts[0].orgnlTxRef.cdtrAgt.brnchId.pstlAdr.ctrySubDvsn=ISO[101]

fiToFIPmtStsRpt.txInfAndSts[0].orgnlTxRef.cdtr.nm=ISO[102]

fiToFIPmtStsRpt.txInfAndSts[0].orgnlTxRef.cdtr.ctctDtls.emailAdr=ISO[103]

fiToFIPmtStsRpt.txInfAndSts[0].orgnlTxRef.cdtrAcct.id.othr.id=ISO[104]

fiToFIPmtStsRpt.txInfAndSts[0].orgnlTxRef.cdtrAcct.id.othr.issr=ISO[105]

fiToFIPmtStsRpt.txInfAndSts[0].orgnlTxRef.cdtrAcct.tp.prtry=ISO[106]

