#[1]
fiToFICstmrCdtTrf.grpHdr.msgId=1021000999962010100113000423

#[2]
fiToFICstmrCdtTrf.grpHdr.creDtTm=0101142307

#[3]
fiToFICstmrCdtTrf.grpHdr.btchBookg=false

#[4]
fiToFICstmrCdtTrf.grpHdr.nbOfTxs=1

#[5]
fiToFICstmrCdtTrf.grpHdr.ctrlSum=8.88

#[6]
fiToFICstmrCdtTrf.grpHdr.intrBkSttlmDt=2010-10-01

#[7]
fiToFICstmrCdtTrf.grpHdr.sttlmInf.sttlmMtd=CLRG

#[8]
fiToFICstmrCdtTrf.cdtTrfTxInf[0].pmtId.endToEndId=33333333

#[9]
fiToFICstmrCdtTrf.cdtTrfTxInf[0].pmtId.txId=1021000999962010100113000423

#[10]
fiToFICstmrCdtTrf.cdtTrfTxInf[0].pmtTpInf.instrPrty=NORM

#[11]
fiToFICstmrCdtTrf.cdtTrfTxInf[0].pmtTpInf.ctgyPurp.prtry=C200

#[12]
fiToFICstmrCdtTrf.cdtTrfTxInf[0].intrBkSttlmAmt.value=8.88

#[13]
fiToFICstmrCdtTrf.cdtTrfTxInf[0].intrBkSttlmAmt.ccy=CNY

#[14]
fiToFICstmrCdtTrf.cdtTrfTxInf[0].accptncDtTm=0101142307

#[15]
fiToFICstmrCdtTrf.cdtTrfTxInf[0].chrgBr=DEBT

#[16]
fiToFICstmrCdtTrf.cdtTrfTxInf[0].dbtr.nm=miss刘

#[17]
fiToFICstmrCdtTrf.cdtTrfTxInf[0].dbtr.ctctDtls.emailAdr=jaMGRMqafZjuvoglyrwAd7s/vJtdvwU5XNRg7mOqJc1N9jVYkKK5wMm3YXxrZXjpXdlCl8nsASGkEgBxdgt6t3OSvjGuWWSYhBDP1ujHvG93JrufUBCJPdBByWA6xQbSeswM938BAAEcw9uYoH2igGlANCGSucm0CB/C5XDvpew=

#[18]
fiToFICstmrCdtTrf.cdtTrfTxInf[0].dbtrAcct.id.othr.id=654321

#[19]
fiToFICstmrCdtTrf.cdtTrfTxInf[0].dbtrAcct.id.othr.issr=中国民生银行北京分行

#[20]
fiToFICstmrCdtTrf.cdtTrfTxInf[0].dbtrAcct.tp.prtry=AT01

#[21]
fiToFICstmrCdtTrf.cdtTrfTxInf[0].dbtrAgt.finInstnId.clrSysMmbId.mmbId=102100099996

#[22]
fiToFICstmrCdtTrf.cdtTrfTxInf[0].dbtrAgt.brnchId.id=102100099996

#[23]
fiToFICstmrCdtTrf.cdtTrfTxInf[0].dbtrAgt.brnchId.pstlAdr.ctrySubDvsn=110000

#[24]
fiToFICstmrCdtTrf.cdtTrfTxInf[0].cdtrAgt.finInstnId.clrSysMmbId.mmbId=104100000004

#[25]
fiToFICstmrCdtTrf.cdtTrfTxInf[0].cdtrAgt.brnchId.id=104100000004

#[26]
fiToFICstmrCdtTrf.cdtTrfTxInf[0].cdtr.nm=mr.李

#[27]
fiToFICstmrCdtTrf.cdtTrfTxInf[0].cdtrAcct.id.othr.id=123456

#[28]
fiToFICstmrCdtTrf.cdtTrfTxInf[0].purp.prtry=02001

#[29]
fiToFICstmrCdtTrf.cdtTrfTxInf[0].rmtInf.ustrd=101报文测试

