128=fiToFIPmtStsRpt.grpHdr.msgId

81=fiToFIPmtStsRpt.grpHdr.creDtTm

82=fiToFIPmtStsRpt.orgnlGrpInfAndSts.orgnlMsgId

83=fiToFIPmtStsRpt.orgnlGrpInfAndSts.orgnlMsgNmId

84=fiToFIPmtStsRpt.orgnlGrpInfAndSts.stsRsnInf[0].addtlInf[0]

85=fiToFIPmtStsRpt.txInfAndSts[0].stsId

86=fiToFIPmtStsRpt.txInfAndSts[0].orgnlEndToEndId

87=fiToFIPmtStsRpt.txInfAndSts[0].orgnlTxId

88=fiToFIPmtStsRpt.txInfAndSts[0].stsRsnInf[0].rsn.prtry

89=fiToFIPmtStsRpt.txInfAndSts[0].orgnlTxRef.intrBkSttlmAmt.value

90=fiToFIPmtStsRpt.txInfAndSts[0].orgnlTxRef.intrBkSttlmAmt.ccy

91=fiToFIPmtStsRpt.txInfAndSts[0].orgnlTxRef.pmtTpInf.instrPrty

92=fiToFIPmtStsRpt.txInfAndSts[0].orgnlTxRef.pmtTpInf.ctgyPurp.prtry

93=fiToFIPmtStsRpt.txInfAndSts[0].orgnlTxRef.dbtr.nm

94=fiToFIPmtStsRpt.txInfAndSts[0].orgnlTxRef.dbtrAcct.id.othr.id

95=fiToFIPmtStsRpt.txInfAndSts[0].orgnlTxRef.dbtrAcct.id.othr.issr

96=fiToFIPmtStsRpt.txInfAndSts[0].orgnlTxRef.dbtrAcct.tp.prtry

97=fiToFIPmtStsRpt.txInfAndSts[0].orgnlTxRef.dbtrAgt.finInstnId.clrSysMmbId.mmbId

98=fiToFIPmtStsRpt.txInfAndSts[0].orgnlTxRef.dbtrAgt.brnchId.id

99=fiToFIPmtStsRpt.txInfAndSts[0].orgnlTxRef.cdtrAgt.finInstnId.clrSysMmbId.mmbId

100=fiToFIPmtStsRpt.txInfAndSts[0].orgnlTxRef.cdtrAgt.brnchId.id

101=fiToFIPmtStsRpt.txInfAndSts[0].orgnlTxRef.cdtrAgt.brnchId.pstlAdr.ctrySubDvsn

102=fiToFIPmtStsRpt.txInfAndSts[0].orgnlTxRef.cdtr.nm

103=fiToFIPmtStsRpt.txInfAndSts[0].orgnlTxRef.cdtr.ctctDtls.emailAdr

104=fiToFIPmtStsRpt.txInfAndSts[0].orgnlTxRef.cdtrAcct.id.othr.id

105=fiToFIPmtStsRpt.txInfAndSts[0].orgnlTxRef.cdtrAcct.id.othr.issr

106=fiToFIPmtStsRpt.txInfAndSts[0].orgnlTxRef.cdtrAcct.tp.prtry

